Component: Arm Compiler for Embedded 6.18 Tool: armlink [5e4cc100]

==============================================================================

Section Cross References

    startup_stm32h743xx.o(STACK) refers (Special) to heapauxi.o(.text) for __use_two_region_memory
    startup_stm32h743xx.o(HEAP) refers (Special) to heapauxi.o(.text) for __use_two_region_memory
    startup_stm32h743xx.o(RESET) refers (Special) to heapauxi.o(.text) for __use_two_region_memory
    startup_stm32h743xx.o(RESET) refers to startup_stm32h743xx.o(STACK) for __initial_sp
    startup_stm32h743xx.o(RESET) refers to startup_stm32h743xx.o(.text) for Reset_Handler
    startup_stm32h743xx.o(RESET) refers to stm32h7xx_it.o(.text.NMI_Handler) for NMI_Handler
    startup_stm32h743xx.o(RESET) refers to stm32h7xx_it.o(.text.HardFault_Handler) for HardFault_Handler
    startup_stm32h743xx.o(RESET) refers to stm32h7xx_it.o(.text.MemManage_Handler) for MemManage_Handler
    startup_stm32h743xx.o(RESET) refers to stm32h7xx_it.o(.text.BusFault_Handler) for BusFault_Handler
    startup_stm32h743xx.o(RESET) refers to stm32h7xx_it.o(.text.UsageFault_Handler) for UsageFault_Handler
    startup_stm32h743xx.o(RESET) refers to port.o(.text.SVC_Handler) for SVC_Handler
    startup_stm32h743xx.o(RESET) refers to stm32h7xx_it.o(.text.DebugMon_Handler) for DebugMon_Handler
    startup_stm32h743xx.o(RESET) refers to port.o(.text.PendSV_Handler) for PendSV_Handler
    startup_stm32h743xx.o(RESET) refers to cmsis_os2.o(.text.SysTick_Handler) for SysTick_Handler
    startup_stm32h743xx.o(RESET) refers to stm32h7xx_it.o(.text.TIM17_IRQHandler) for TIM17_IRQHandler
    startup_stm32h743xx.o(.text) refers (Special) to heapauxi.o(.text) for __use_two_region_memory
    startup_stm32h743xx.o(.text) refers to system_stm32h7xx.o(.text.SystemInit) for SystemInit
    startup_stm32h743xx.o(.text) refers to __main.o(!!!main) for __main
    startup_stm32h743xx.o(.text) refers to startup_stm32h743xx.o(HEAP) for Heap_Mem
    startup_stm32h743xx.o(.text) refers to startup_stm32h743xx.o(STACK) for Stack_Mem
    lcd.o(.text.LCD_Fill) refers to lcd_init.o(.text.LCD_Address_Set) for LCD_Address_Set
    lcd.o(.text.LCD_Fill) refers to lcd_init.o(.text.LCD_WR_DATA) for LCD_WR_DATA
    lcd.o(.ARM.exidx.text.LCD_Fill) refers to lcd.o(.text.LCD_Fill) for [Anonymous Symbol]
    lcd.o(.text.LCD_DrawPoint) refers to lcd_init.o(.text.LCD_Address_Set) for LCD_Address_Set
    lcd.o(.text.LCD_DrawPoint) refers to lcd_init.o(.text.LCD_WR_DATA) for LCD_WR_DATA
    lcd.o(.ARM.exidx.text.LCD_DrawPoint) refers to lcd.o(.text.LCD_DrawPoint) for [Anonymous Symbol]
    lcd.o(.text.LCD_DrawLine) refers to lcd.o(.text.LCD_DrawPoint) for LCD_DrawPoint
    lcd.o(.ARM.exidx.text.LCD_DrawLine) refers to lcd.o(.text.LCD_DrawLine) for [Anonymous Symbol]
    lcd.o(.text.LCD_DrawRectangle) refers to lcd.o(.text.LCD_DrawLine) for LCD_DrawLine
    lcd.o(.ARM.exidx.text.LCD_DrawRectangle) refers to lcd.o(.text.LCD_DrawRectangle) for [Anonymous Symbol]
    lcd.o(.text.Draw_Circle) refers to lcd.o(.text.LCD_DrawPoint) for LCD_DrawPoint
    lcd.o(.ARM.exidx.text.Draw_Circle) refers to lcd.o(.text.Draw_Circle) for [Anonymous Symbol]
    lcd.o(.text.LCD_ShowChinese) refers to lcd.o(.text.LCD_ShowChinese12x12) for LCD_ShowChinese12x12
    lcd.o(.text.LCD_ShowChinese) refers to lcd.o(.text.LCD_ShowChinese16x16) for LCD_ShowChinese16x16
    lcd.o(.text.LCD_ShowChinese) refers to lcd.o(.text.LCD_ShowChinese24x24) for LCD_ShowChinese24x24
    lcd.o(.text.LCD_ShowChinese) refers to lcd.o(.text.LCD_ShowChinese32x32) for LCD_ShowChinese32x32
    lcd.o(.ARM.exidx.text.LCD_ShowChinese) refers to lcd.o(.text.LCD_ShowChinese) for [Anonymous Symbol]
    lcd.o(.text.LCD_ShowChinese12x12) refers to lcd.o(.rodata.tfont12) for tfont12
    lcd.o(.text.LCD_ShowChinese12x12) refers to lcd_init.o(.text.LCD_Address_Set) for LCD_Address_Set
    lcd.o(.text.LCD_ShowChinese12x12) refers to lcd_init.o(.text.LCD_WR_DATA) for LCD_WR_DATA
    lcd.o(.text.LCD_ShowChinese12x12) refers to lcd.o(.text.LCD_DrawPoint) for LCD_DrawPoint
    lcd.o(.ARM.exidx.text.LCD_ShowChinese12x12) refers to lcd.o(.text.LCD_ShowChinese12x12) for [Anonymous Symbol]
    lcd.o(.text.LCD_ShowChinese16x16) refers to lcd.o(.rodata.tfont16) for tfont16
    lcd.o(.text.LCD_ShowChinese16x16) refers to lcd_init.o(.text.LCD_Address_Set) for LCD_Address_Set
    lcd.o(.text.LCD_ShowChinese16x16) refers to lcd_init.o(.text.LCD_WR_DATA) for LCD_WR_DATA
    lcd.o(.text.LCD_ShowChinese16x16) refers to lcd.o(.text.LCD_DrawPoint) for LCD_DrawPoint
    lcd.o(.ARM.exidx.text.LCD_ShowChinese16x16) refers to lcd.o(.text.LCD_ShowChinese16x16) for [Anonymous Symbol]
    lcd.o(.text.LCD_ShowChinese24x24) refers to lcd.o(.rodata.tfont24) for tfont24
    lcd.o(.text.LCD_ShowChinese24x24) refers to lcd_init.o(.text.LCD_Address_Set) for LCD_Address_Set
    lcd.o(.text.LCD_ShowChinese24x24) refers to lcd_init.o(.text.LCD_WR_DATA) for LCD_WR_DATA
[...]
    [Anonymous Symbol]                       0x24004610   Section        0  cmsis_os2.o(.bss.vApplicationGetTimerTaskMemory.Timer_Stack)
    vApplicationGetTimerTaskMemory.Timer_TCB 0x24004a10   Data          92  cmsis_os2.o(.bss.vApplicationGetTimerTaskMemory.Timer_TCB)
    [Anonymous Symbol]                       0x24004a10   Section        0  cmsis_os2.o(.bss.vApplicationGetTimerTaskMemory.Timer_TCB)
    xActiveTimerList1                        0x24004a6c   Data          20  timers.o(.bss.xActiveTimerList1)
    [Anonymous Symbol]                       0x24004a6c   Section        0  timers.o(.bss.xActiveTimerList1)
    xActiveTimerList2                        0x24004a80   Data          20  timers.o(.bss.xActiveTimerList2)
    [Anonymous Symbol]                       0x24004a80   Section        0  timers.o(.bss.xActiveTimerList2)
    xBlockAllocatedBit                       0x24004a94   Data           4  heap_4.o(.bss.xBlockAllocatedBit)
    [Anonymous Symbol]                       0x24004a94   Section        0  heap_4.o(.bss.xBlockAllocatedBit)
    xDelayedTaskList1                        0x24004a98   Data          20  tasks.o(.bss.xDelayedTaskList1)
    [Anonymous Symbol]                       0x24004a98   Section        0  tasks.o(.bss.xDelayedTaskList1)
    xDelayedTaskList2                        0x24004aac   Data          20  tasks.o(.bss.xDelayedTaskList2)
    [Anonymous Symbol]                       0x24004aac   Section        0  tasks.o(.bss.xDelayedTaskList2)
    xFreeBytesRemaining                      0x24004ac0   Data           4  heap_4.o(.bss.xFreeBytesRemaining)
    [Anonymous Symbol]                       0x24004ac0   Section        0  heap_4.o(.bss.xFreeBytesRemaining)
    xIdleTaskHandle                          0x24004ac4   Data           4  tasks.o(.bss.xIdleTaskHandle)
    [Anonymous Symbol]                       0x24004ac4   Section        0  tasks.o(.bss.xIdleTaskHandle)
    xMinimumEverFreeBytesRemaining           0x24004ac8   Data           4  heap_4.o(.bss.xMinimumEverFreeBytesRemaining)
    [Anonymous Symbol]                       0x24004ac8   Section        0  heap_4.o(.bss.xMinimumEverFreeBytesRemaining)
    xNextTaskUnblockTime                     0x24004acc   Data           4  tasks.o(.bss.xNextTaskUnblockTime)
    [Anonymous Symbol]                       0x24004acc   Section        0  tasks.o(.bss.xNextTaskUnblockTime)
    xNumOfOverflows                          0x24004ad0   Data           4  tasks.o(.bss.xNumOfOverflows)
    [Anonymous Symbol]                       0x24004ad0   Section        0  tasks.o(.bss.xNumOfOverflows)
    xNumberOfSuccessfulAllocations           0x24004ad4   Data           4  heap_4.o(.bss.xNumberOfSuccessfulAllocations)
    [Anonymous Symbol]                       0x24004ad4   Section        0  heap_4.o(.bss.xNumberOfSuccessfulAllocations)
    xNumberOfSuccessfulFrees                 0x24004ad8   Data           4  heap_4.o(.bss.xNumberOfSuccessfulFrees)
    [Anonymous Symbol]                       0x24004ad8   Section        0  heap_4.o(.bss.xNumberOfSuccessfulFrees)
    xPendedTicks                             0x24004adc   Data           4  tasks.o(.bss.xPendedTicks)
    [Anonymous Symbol]                       0x24004adc   Section        0  tasks.o(.bss.xPendedTicks)
    xPendingReadyList                        0x24004ae0   Data          20  tasks.o(.bss.xPendingReadyList)
    [Anonymous Symbol]                       0x24004ae0   Section        0  tasks.o(.bss.xPendingReadyList)
    xSchedulerRunning                        0x24004b34   Data           4  tasks.o(.bss.xSchedulerRunning)
    [Anonymous Symbol]                       0x24004b34   Section        0  tasks.o(.bss.xSchedulerRunning)
    xStart                                   0x24004b38   Data           8  heap_4.o(.bss.xStart)
    [Anonymous Symbol]                       0x24004b38   Section        0  heap_4.o(.bss.xStart)
    xSuspendedTaskList                       0x24004b40   Data          20  tasks.o(.bss.xSuspendedTaskList)
    [Anonymous Symbol]                       0x24004b40   Section        0  tasks.o(.bss.xSuspendedTaskList)
    xTasksWaitingTermination                 0x24004b54   Data          20  tasks.o(.bss.xTasksWaitingTermination)
    [Anonymous Symbol]                       0x24004b54   Section        0  tasks.o(.bss.xTasksWaitingTermination)
    xTickCount                               0x24004b68   Data           4  tasks.o(.bss.xTickCount)
    [Anonymous Symbol]                       0x24004b68   Section        0  tasks.o(.bss.xTickCount)
    xTimerQueue                              0x24004b6c   Data           4  timers.o(.bss.xTimerQueue)
    [Anonymous Symbol]                       0x24004b6c   Section        0  timers.o(.bss.xTimerQueue)
    xTimerTaskHandle                         0x24004b70   Data           4  timers.o(.bss.xTimerTaskHandle)
    [Anonymous Symbol]                       0x24004b70   Section        0  timers.o(.bss.xTimerTaskHandle)
    xYieldPending                            0x24004b74   Data           4  tasks.o(.bss.xYieldPending)
    [Anonymous Symbol]                       0x24004b74   Section        0  tasks.o(.bss.xYieldPending)
    Heap_Mem                                 0x24004b78   Data         512  startup_stm32h743xx.o(HEAP)
    HEAP                                     0x24004b78   Section      512  startup_stm32h743xx.o(HEAP)
    Stack_Mem                                0x24004d78   Data        1024  startup_stm32h743xx.o(STACK)
    STACK                                    0x24004d78   Section     1024  startup_stm32h743xx.o(STACK)
    __initial_sp                             0x24005178   Data           0  startup_stm32h743xx.o(STACK)

    Global Symbols

    Symbol Name                              Value     Ov Type        Size  Object(Section)

    BuildAttributes$$THM_ISAv4$E$P$D$K$B$S$7EM$VFPv5_D16$PE$PLD8$A:L22UL41UL21$X:L11$S22US41US21$IEEE1$IW$~IW$USESV6$~STKCKD$USESV7$~SHL$OSPACE$ROPI$EBA8$UX$STANDARDLIB$REQ8$PRES8$EABIv2 0x00000000   Number         0  anon$$obj.o ABSOLUTE
    __ARM_exceptions_init                     - Undefined Weak Reference
    __alloca_initialize                       - Undefined Weak Reference
    __arm_preinit_                            - Undefined Weak Reference
    __arm_relocate_pie_                       - Undefined Weak Reference
    __cpp_initialize__aeabi_                  - Undefined Weak Reference
    __cxa_finalize                            - Undefined Weak Reference
    __rt_locale                               - Undefined Weak Reference
    __sigvec_lookup                           - Undefined Weak Reference
    _atexit_init                              - Undefined Weak Reference
    _call_atexit_fns                          - Undefined Weak Reference
    _clock_init                               - Undefined Weak Reference
    _fp_trap_init                             - Undefined Weak Reference
    _fp_trap_shutdown                         - Undefined Weak Reference
    _get_lc_collate                           - Undefined Weak Reference
    _get_lc_ctype                             - Undefined Weak Reference
    _get_lc_monetary                          - Undefined Weak Reference
    _get_lc_numeric                           - Undefined Weak Reference
    _get_lc_time                              - Undefined Weak Reference
    _getenv_init                              - Undefined Weak Reference
    _handle_redirection                       - Undefined Weak Reference
    _init_alloc                               - Undefined Weak Reference
    _init_user_alloc                          - Undefined Weak Reference
    _initio                                   - Undefined Weak Reference
    _rand_init                                - Undefined Weak Reference
    _signal_finish                            - Undefined Weak Reference
    _signal_init                              - Undefined Weak Reference
    _terminate_alloc                          - Undefined Weak Reference
    _terminate_user_alloc                     - Undefined Weak Reference
    _terminateio                              - Undefined Weak Reference
    __Vectors_Size                           0x00000298   Number         0  startup_stm32h743xx.o ABSOLUTE
    __Vectors                                0x08000000   Data           4  startup_stm32h743xx.o(RESET)
    __Vectors_End                            0x08000298   Data           0  startup_stm32h743xx.o(RESET)
    __main                                   0x08000299   Thumb Code     8  __main.o(!!!main)
    __scatterload                            0x080002a1   Thumb Code     0  __scatter.o(!!!scatter)
    __scatterload_rt2                        0x080002a1   Thumb Code    44  __scatter.o(!!!scatter)
    __scatterload_rt2_thumb_only             0x080002a1   Thumb Code     0  __scatter.o(!!!scatter)
    __scatterload_null                       0x080002af   Thumb Code     0  __scatter.o(!!!scatter)
    __scatterload_copy                       0x080002d5   Thumb Code    26  __scatter_copy.o(!!handler_copy)
    __scatterload_zeroinit                   0x080002f1   Thumb Code    28  __scatter_zi.o(!!handler_zi)
    __rt_lib_init                            0x0800030d   Thumb Code     0  libinit.o(.ARM.Collect$$libinit$$00000000)
    __rt_lib_init_fp_1                       0x0800030f   Thumb Code     0  libinit2.o(.ARM.Collect$$libinit$$00000001)
    __rt_lib_init_alloca_1                   0x08000313   Thumb Code     0  libinit2.o(.ARM.Collect$$libinit$$00000030)
    __rt_lib_init_argv_1                     0x08000313   Thumb Code     0  libinit2.o(.ARM.Collect$$libinit$$0000002E)
    __rt_lib_init_atexit_1                   0x08000313   Thumb Code     0  libinit2.o(.ARM.Collect$$libinit$$0000001D)
    __rt_lib_init_clock_1                    0x08000313   Thumb Code     0  libinit2.o(.ARM.Collect$$libinit$$00000023)
    __rt_lib_init_cpp_1                      0x08000313   Thumb Code     0  libinit2.o(.ARM.Collect$$libinit$$00000034)
    __rt_lib_init_exceptions_1               0x08000313   Thumb Code     0  libinit2.o(.ARM.Collect$$libinit$$00000032)
    __rt_lib_init_fp_trap_1                  0x08000313   Thumb Code     0  libinit2.o(.ARM.Collect$$libinit$$00000021)
    __rt_lib_init_getenv_1                   0x08000313   Thumb Code     0  libinit2.o(.ARM.Collect$$libinit$$00000025)
    __rt_lib_init_heap_1                     0x08000313   Thumb Code     0  libinit2.o(.ARM.Collect$$libinit$$0000000C)
    __rt_lib_init_lc_collate_1               0x08000313   Thumb Code     0  libinit2.o(.ARM.Collect$$libinit$$00000013)
    __rt_lib_init_lc_ctype_1                 0x08000313   Thumb Code     0  libinit2.o(.ARM.Collect$$libinit$$00000015)
    __rt_lib_init_lc_monetary_1              0x08000313   Thumb Code     0  libinit2.o(.ARM.Collect$$libinit$$00000017)
    __rt_lib_init_lc_numeric_1               0x08000313   Thumb Code     0  libinit2.o(.ARM.Collect$$libinit$$00000019)
    __rt_lib_init_lc_time_1                  0x08000313   Thumb Code     0  libinit2.o(.ARM.Collect$$libinit$$0000001B)
    __rt_lib_init_preinit_1                  0x08000313   Thumb Code     0  libinit2.o(.ARM.Collect$$libinit$$00000006)
    __rt_lib_init_rand_1                     0x08000313   Thumb Code     0  libinit2.o(.ARM.Collect$$libinit$$00000010)
    __rt_lib_init_relocate_pie_1             0x08000313   Thumb Code     0  libinit2.o(.ARM.Collect$$libinit$$00000004)
    __rt_lib_init_return                     0x08000313   Thumb Code     0  libinit2.o(.ARM.Collect$$libinit$$00000035)
    __rt_lib_init_signal_1                   0x08000313   Thumb Code     0  libinit2.o(.ARM.Collect$$libinit$$0000001F)
    __rt_lib_init_stdio_1                    0x08000313   Thumb Code     0  libinit2.o(.ARM.Collect$$libinit$$00000027)
    __rt_lib_init_user_alloc_1               0x08000313   Thumb Code     0  libinit2.o(.ARM.Collect$$libinit$$0000000E)
    __rt_lib_shutdown                        0x08000315   Thumb Code     0  libshutdown.o(.ARM.Collect$$libshutdown$$00000000)
    __rt_lib_shutdown_cpp_1                  0x08000317   Thumb Code     0  libshutdown2.o(.ARM.Collect$$libshutdown$$00000002)
    __rt_lib_shutdown_fp_trap_1              0x08000317   Thumb Code     0  libshutdown2.o(.ARM.Collect$$libshutdown$$00000007)
    __rt_lib_shutdown_heap_1                 0x08000317   Thumb Code     0  libshutdown2.o(.ARM.Collect$$libshutdown$$0000000F)
    __rt_lib_shutdown_return                 0x08000317   Thumb Code     0  libshutdown2.o(.ARM.Collect$$libshutdown$$00000010)
    __rt_lib_shutdown_signal_1               0x08000317   Thumb Code     0  libshutdown2.o(.ARM.Collect$$libshutdown$$0000000A)
    __rt_lib_shutdown_stdio_1                0x08000317   Thumb Code     0  libshutdown2.o(.ARM.Collect$$libshutdown$$00000004)
    __rt_lib_shutdown_user_alloc_1           0x08000317   Thumb Code     0  libshutdown2.o(.ARM.Collect$$libshutdown$$0000000C)
    __rt_entry                               0x08000319   Thumb Code     0  __rtentry.o(.ARM.Collect$$rtentry$$00000000)
    __rt_entry_presh_1                       0x08000319   Thumb Code     0  __rtentry2.o(.ARM.Collect$$rtentry$$00000002)
    __rt_entry_sh                            0x08000319   Thumb Code     0  __rtentry4.o(.ARM.Collect$$rtentry$$00000004)
    __rt_entry_li                            0x0800031f   Thumb Code     0  __rtentry2.o(.ARM.Collect$$rtentry$$0000000A)
    __rt_entry_postsh_1                      0x0800031f   Thumb Code     0  __rtentry2.o(.ARM.Collect$$rtentry$$00000009)
    __rt_entry_main                          0x08000323   Thumb Code     0  __rtentry2.o(.ARM.Collect$$rtentry$$0000000D)
    __rt_entry_postli_1                      0x08000323   Thumb Code     0  __rtentry2.o(.ARM.Collect$$rtentry$$0000000C)
    __rt_exit                                0x0800032b   Thumb Code     0  rtexit.o(.ARM.Collect$$rtexit$$00000000)
    __rt_exit_ls                             0x0800032d   Thumb Code     0  rtexit2.o(.ARM.Collect$$rtexit$$00000003)
    __rt_exit_prels_1                        0x0800032d   Thumb Code     0  rtexit2.o(.ARM.Collect$$rtexit$$00000002)
    __rt_exit_exit                           0x08000331   Thumb Code     0  rtexit2.o(.ARM.Collect$$rtexit$$00000004)
    Reset_Handler                            0x08000339   Thumb Code     8  startup_stm32h743xx.o(.text)
    ADC3_IRQHandler                          0x08000353   Thumb Code     0  startup_stm32h743xx.o(.text)
    ADC_IRQHandler                           0x08000353   Thumb Code     0  startup_stm32h743xx.o(.text)
    BDMA_Channel0_IRQHandler                 0x08000353   Thumb Code     0  startup_stm32h743xx.o(.text)
    BDMA_Channel1_IRQHandler                 0x08000353   Thumb Code     0  startup_stm32h743xx.o(.text)
    BDMA_Channel2_IRQHandler                 0x08000353   Thumb Code     0  startup_stm32h743xx.o(.text)
    BDMA_Channel3_IRQHandler                 0x08000353   Thumb Code     0  startup_stm32h743xx.o(.text)
    BDMA_Channel4_IRQHandler                 0x08000353   Thumb Code     0  startup_stm32h743xx.o(.text)
    BDMA_Channel5_IRQHandler                 0x08000353   Thumb Code     0  startup_stm32h743xx.o(.text)
    BDMA_Channel6_IRQHandler                 0x08000353   Thumb Code     0  startup_stm32h743xx.o(.text)
    BDMA_Channel7_IRQHandler                 0x08000353   Thumb Code     0  startup_stm32h743xx.o(.text)
    CEC_IRQHandler                           0x08000353   Thumb Code     0  startup_stm32h743xx.o(.text)
    COMP1_IRQHandler                         0x08000353   Thumb Code     0  startup_stm32h743xx.o(.text)
    CRS_IRQHandler                           0x08000353   Thumb Code     0  startup_stm32h743xx.o(.text)
    DCMI_IRQHandler                          0x08000353   Thumb Code     0  startup_stm32h743xx.o(.text)
    DFSDM1_FLT0_IRQHandler                   0x08000353   Thumb Code     0  startup_stm32h743xx.o(.text)
    DFSDM1_FLT1_IRQHandler                   0x08000353   Thumb Code     0  startup_stm32h743xx.o(.text)
    DFSDM1_FLT2_IRQHandler                   0x08000353   Thumb Code     0  startup_stm32h743xx.o(.text)
    DFSDM1_FLT3_IRQHandler                   0x08000353   Thumb Code     0  startup_stm32h743xx.o(.text)
    DMA1_Stream0_IRQHandler                  0x08000353   Thumb Code     0  startup_stm32h743xx.o(.text)
    DMA1_Stream1_IRQHandler                  0x08000353   Thumb Code     0  startup_stm32h743xx.o(.text)
    DMA1_Stream2_IRQHandler                  0x08000353   Thumb Code     0  startup_stm32h743xx.o(.text)
    DMA1_Stream3_IRQHandler                  0x08000353   Thumb Code     0  startup_stm32h743xx.o(.text)
    DMA1_Stream4_IRQHandler                  0x08000353   Thumb Code     0  startup_stm32h743xx.o(.text)
    DMA1_Stream5_IRQHandler                  0x08000353   Thumb Code     0  startup_stm32h743xx.o(.text)
    DMA1_Stream6_IRQHandler                  0x08000353   Thumb Code     0  startup_stm32h743xx.o(.text)
    DMA1_Stream7_IRQHandler                  0x08000353   Thumb Code     0  startup_stm32h743xx.o(.text)
    DMA2D_IRQHandler                         0x08000353   Thumb Code     0  startup_stm32h743xx.o(.text)
    DMA2_Stream0_IRQHandler                  0x08000353   Thumb Code     0  startup_stm32h743xx.o(.text)
    DMA2_Stream1_IRQHandler                  0x08000353   Thumb Code     0  startup_stm32h743xx.o(.text)
    DMA2_Stream2_IRQHandler                  0x08000353   Thumb Code     0  startup_stm32h743xx.o(.text)
    DMA2_Stream3_IRQHandler                  0x08000353   Thumb Code     0  startup_stm32h743xx.o(.text)
    DMA2_Stream4_IRQHandler                  0x08000353   Thumb Code     0  startup_stm32h743xx.o(.text)
    DMA2_Stream5_IRQHandler                  0x08000353   Thumb Code     0  startup_stm32h743xx.o(.text)
    DMA2_Stream6_IRQHandler                  0x08000353   Thumb Code     0  startup_stm32h743xx.o(.text)
    DMA2_Stream7_IRQHandler                  0x08000353   Thumb Code     0  startup_stm32h743xx.o(.text)
    DMAMUX1_OVR_IRQHandler                   0x08000353   Thumb Code     0  startup_stm32h743xx.o(.text)
    DMAMUX2_OVR_IRQHandler                   0x08000353   Thumb Code     0  startup_stm32h743xx.o(.text)
    ECC_IRQHandler                           0x08000353   Thumb Code     0  startup_stm32h743xx.o(.text)
    ETH_IRQHandler                           0x08000353   Thumb Code     0  startup_stm32h743xx.o(.text)
    ETH_WKUP_IRQHandler                      0x08000353   Thumb Code     0  startup_stm32h743xx.o(.text)
    EXTI0_IRQHandler                         0x08000353   Thumb Code     0  startup_stm32h743xx.o(.text)
    EXTI15_10_IRQHandler                     0x08000353   Thumb Code     0  startup_stm32h743xx.o(.text)
    EXTI1_IRQHandler                         0x08000353   Thumb Code     0  startup_stm32h743xx.o(.text)
    EXTI2_IRQHandler                         0x08000353   Thumb Code     0  startup_stm32h743xx.o(.text)
    EXTI3_IRQHandler                         0x08000353   Thumb Code     0  startup_stm32h743xx.o(.text)
    EXTI4_IRQHandler                         0x08000353   Thumb Code     0  startup_stm32h743xx.o(.text)
    EXTI9_5_IRQHandler                       0x08000353   Thumb Code     0  startup_stm32h743xx.o(.text)
    FDCAN1_IT0_IRQHandler                    0x08000353   Thumb Code     0  startup_stm32h743xx.o(.text)
    FDCAN1_IT1_IRQHandler                    0x08000353   Thumb Code     0  startup_stm32h743xx.o(.text)
    FDCAN2_IT0_IRQHandler                    0x08000353   Thumb Code     0  startup_stm32h743xx.o(.text)
    FDCAN2_IT1_IRQHandler                    0x08000353   Thumb Code     0  startup_stm32h743xx.o(.text)
    FDCAN_CAL_IRQHandler                     0x08000353   Thumb Code     0  startup_stm32h743xx.o(.text)
    FLASH_IRQHandler                         0x08000353   Thumb Code     0  startup_stm32h743xx.o(.text)
    FMC_IRQHandler                           0x08000353   Thumb Code     0  startup_stm32h743xx.o(.text)
    FPU_IRQHandler                           0x08000353   Thumb Code     0  startup_stm32h743xx.o(.text)
    HRTIM1_FLT_IRQHandler                    0x08000353   Thumb Code     0  startup_stm32h743xx.o(.text)
    HRTIM1_Master_IRQHandler                 0x08000353   Thumb Code     0  startup_stm32h743xx.o(.text)
    HRTIM1_TIMA_IRQHandler                   0x08000353   Thumb Code     0  startup_stm32h743xx.o(.text)
    HRTIM1_TIMB_IRQHandler                   0x08000353   Thumb Code     0  startup_stm32h743xx.o(.text)
    HRTIM1_TIMC_IRQHandler                   0x08000353   Thumb Code     0  startup_stm32h743xx.o(.text)
    HRTIM1_TIMD_IRQHandler                   0x08000353   Thumb Code     0  startup_stm32h743xx.o(.text)
    HRTIM1_TIME_IRQHandler                   0x08000353   Thumb Code     0  startup_stm32h743xx.o(.text)
    HSEM1_IRQHandler                         0x08000353   Thumb Code     0  startup_stm32h743xx.o(.text)
    I2C1_ER_IRQHandler                       0x08000353   Thumb Code     0  startup_stm32h743xx.o(.text)
    I2C1_EV_IRQHandler                       0x08000353   Thumb Code     0  startup_stm32h743xx.o(.text)
    I2C2_ER_IRQHandler                       0x08000353   Thumb Code     0  startup_stm32h743xx.o(.text)
    I2C2_EV_IRQHandler                       0x08000353   Thumb Code     0  startup_stm32h743xx.o(.text)
    I2C3_ER_IRQHandler                       0x08000353   Thumb Code     0  startup_stm32h743xx.o(.text)
    I2C3_EV_IRQHandler                       0x08000353   Thumb Code     0  startup_stm32h743xx.o(.text)
    I2C4_ER_IRQHandler                       0x08000353   Thumb Code     0  startup_stm32h743xx.o(.text)
    I2C4_EV_IRQHandler                       0x08000353   Thumb Code     0  startup_stm32h743xx.o(.text)
    JPEG_IRQHandler                          0x08000353   Thumb Code     0  startup_stm32h743xx.o(.text)
    LPTIM1_IRQHandler                        0x08000353   Thumb Code     0  startup_stm32h743xx.o(.text)
    LPTIM2_IRQHandler                        0x08000353   Thumb Code     0  startup_stm32h743xx.o(.text)
    LPTIM3_IRQHandler                        0x08000353   Thumb Code     0  startup_stm32h743xx.o(.text)
    LPTIM4_IRQHandler                        0x08000353   Thumb Code     0  startup_stm32h743xx.o(.text)
    LPTIM5_IRQHandler                        0x08000353   Thumb Code     0  startup_stm32h743xx.o(.text)
    LPUART1_IRQHandler                       0x08000353   Thumb Code     0  startup_stm32h743xx.o(.text)
    LTDC_ER_IRQHandler                       0x08000353   Thumb Code     0  startup_stm32h743xx.o(.text)
    LTDC_IRQHandler                          0x08000353   Thumb Code     0  startup_stm32h743xx.o(.text)
    MDIOS_IRQHandler                         0x08000353   Thumb Code     0  startup_stm32h743xx.o(.text)
    MDIOS_WKUP_IRQHandler                    0x08000353   Thumb Code     0  startup_stm32h743xx.o(.text)
    MDMA_IRQHandler                          0x08000353   Thumb Code     0  startup_stm32h743xx.o(.text)
    OTG_FS_EP1_IN_IRQHandler                 0x08000353   Thumb Code     0  startup_stm32h743xx.o(.text)
    OTG_FS_EP1_OUT_IRQHandler                0x08000353   Thumb Code     0  startup_stm32h743xx.o(.text)
    OTG_FS_IRQHandler                        0x08000353   Thumb Code     0  startup_stm32h743xx.o(.text)
    OTG_FS_WKUP_IRQHandler                   0x08000353   Thumb Code     0  startup_stm32h743xx.o(.text)
    OTG_HS_EP1_IN_IRQHandler                 0x08000353   Thumb Code     0  startup_stm32h743xx.o(.text)
    OTG_HS_EP1_OUT_IRQHandler                0x08000353   Thumb Code     0  startup_stm32h743xx.o(.text)
    OTG_HS_IRQHandler                        0x08000353   Thumb Code     0  startup_stm32h743xx.o(.text)
    OTG_HS_WKUP_IRQHandler                   0x08000353   Thumb Code     0  startup_stm32h743xx.o(.text)
    PVD_AVD_IRQHandler                       0x08000353   Thumb Code     0  startup_stm32h743xx.o(.text)
    QUADSPI_IRQHandler                       0x08000353   Thumb Code     0  startup_stm32h743xx.o(.text)
    RCC_IRQHandler                           0x08000353   Thumb Code     0  startup_stm32h743xx.o(.text)
    RNG_IRQHandler                           0x08000353   Thumb Code     0  startup_stm32h743xx.o(.text)
    RTC_Alarm_IRQHandler                     0x08000353   Thumb Code     0  startup_stm32h743xx.o(.text)
    RTC_WKUP_IRQHandler                      0x08000353   Thumb Code     0  startup_stm32h743xx.o(.text)
    SAI1_IRQHandler                          0x08000353   Thumb Code     0  startup_stm32h743xx.o(.text)
    SAI2_IRQHandler                          0x08000353   Thumb Code     0  startup_stm32h743xx.o(.text)
    SAI3_IRQHandler                          0x08000353   Thumb Code     0  startup_stm32h743xx.o(.text)
    SAI4_IRQHandler                          0x08000353   Thumb Code     0  startup_stm32h743xx.o(.text)
    SDMMC1_IRQHandler                        0x08000353   Thumb Code     0  startup_stm32h743xx.o(.text)
    SDMMC2_IRQHandler                        0x08000353   Thumb Code     0  startup_stm32h743xx.o(.text)
    SPDIF_RX_IRQHandler                      0x08000353   Thumb Code     0  startup_stm32h743xx.o(.text)
    SPI1_IRQHandler                          0x08000353   Thumb Code     0  startup_stm32h743xx.o(.text)
    SPI2_IRQHandler                          0x08000353   Thumb Code     0  startup_stm32h743xx.o(.text)
    SPI3_IRQHandler                          0x08000353   Thumb Code     0  startup_stm32h743xx.o(.text)
    SPI4_IRQHandler                          0x08000353   Thumb Code     0  startup_stm32h743xx.o(.text)
    SPI5_IRQHandler                          0x08000353   Thumb Code     0  startup_stm32h743xx.o(.text)
    SPI6_IRQHandler                          0x08000353   Thumb Code     0  startup_stm32h743xx.o(.text)
    SWPMI1_IRQHandler                        0x08000353   Thumb Code     0  startup_stm32h743xx.o(.text)
    TAMP_STAMP_IRQHandler                    0x08000353   Thumb Code     0  startup_stm32h743xx.o(.text)
    TIM15_IRQHandler                         0x08000353   Thumb Code     0  startup_stm32h743xx.o(.text)
    TIM16_IRQHandler                         0x08000353   Thumb Code     0  startup_stm32h743xx.o(.text)
    TIM1_BRK_IRQHandler                      0x08000353   Thumb Code     0  startup_stm32h743xx.o(.text)
    TIM1_CC_IRQHandler                       0x08000353   Thumb Code     0  startup_stm32h743xx.o(.text)
    TIM1_TRG_COM_IRQHandler                  0x08000353   Thumb Code     0  startup_stm32h743xx.o(.text)
    TIM1_UP_IRQHandler                       0x08000353   Thumb Code     0  startup_stm32h743xx.o(.text)
    TIM2_IRQHandler                          0x08000353   Thumb Code     0  startup_stm32h743xx.o(.text)
    TIM3_IRQHandler                          0x08000353   Thumb Code     0  startup_stm32h743xx.o(.text)
    TIM4_IRQHandler                          0x08000353   Thumb Code     0  startup_stm32h743xx.o(.text)
    TIM5_IRQHandler                          0x08000353   Thumb Code     0  startup_stm32h743xx.o(.text)
    TIM6_DAC_IRQHandler                      0x08000353   Thumb Code     0  startup_stm32h743xx.o(.text)
    TIM7_IRQHandler                          0x08000353   Thumb Code     0  startup_stm32h743xx.o(.text)
    TIM8_BRK_TIM12_IRQHandler                0x08000353   Thumb Code     0  startup_stm32h743xx.o(.text)
    TIM8_CC_IRQHandler                       0x08000353   Thumb Code     0  startup_stm32h743xx.o(.text)
    TIM8_TRG_COM_TIM14_IRQHandler            0x08000353   Thumb Code     0  startup_stm32h743xx.o(.text)
    TIM8_UP_TIM13_IRQHandler                 0x08000353   Thumb Code     0  startup_stm32h743xx.o(.text)
    UART4_IRQHandler                         0x08000353   Thumb Code     0  startup_stm32h743xx.o(.text)
    UART5_IRQHandler                         0x08000353   Thumb Code     0  startup_stm32h743xx.o(.text)
    UART7_IRQHandler                         0x08000353   Thumb Code     0  startup_stm32h743xx.o(.text)
    UART8_IRQHandler                         0x08000353   Thumb Code     0  startup_stm32h743xx.o(.text)
    USART1_IRQHandler                        0x08000353   Thumb Code     0  startup_stm32h743xx.o(.text)
    USART2_IRQHandler                        0x08000353   Thumb Code     0  startup_stm32h743xx.o(.text)
    USART3_IRQHandler                        0x08000353   Thumb Code     0  startup_stm32h743xx.o(.text)
    USART6_IRQHandler                        0x08000353   Thumb Code     0  startup_stm32h743xx.o(.text)
    WAKEUP_PIN_IRQHandler                    0x08000353   Thumb Code     0  startup_stm32h743xx.o(.text)
    WWDG_IRQHandler                          0x08000353   Thumb Code     0  startup_stm32h743xx.o(.text)
    __user_initial_stackheap                 0x08000355   Thumb Code     0  startup_stm32h743xx.o(.text)
    __aeabi_memcpy                           0x08000379   Thumb Code     0  rt_memcpy_v6.o(.text)
    __rt_memcpy                              0x08000379   Thumb Code   138  rt_memcpy_v6.o(.text)
    _memcpy_lastbytes                        0x080003df   Thumb Code     0  rt_memcpy_v6.o(.text)
    __aeabi_memcpy4                          0x08000403   Thumb Code     0  rt_memcpy_w.o(.text)
    __aeabi_memcpy8                          0x08000403   Thumb Code     0  rt_memcpy_w.o(.text)
    __rt_memcpy_w                            0x08000403   Thumb Code   100  rt_memcpy_w.o(.text)
    _memcpy_lastbytes_aligned                0x0800044b   Thumb Code     0  rt_memcpy_w.o(.text)
    __aeabi_memset4                          0x08000467   Thumb Code    16  aeabi_memset4.o(.text)
    __aeabi_memset8                          0x08000467   Thumb Code     0  aeabi_memset4.o(.text)
    __aeabi_memclr4                          0x08000477   Thumb Code     0  rt_memclr_w.o(.text)
    __aeabi_memclr8                          0x08000477   Thumb Code     0  rt_memclr_w.o(.text)
    __rt_memclr_w                            0x08000477   Thumb Code     0  rt_memclr_w.o(.text)
    _memset_w                                0x0800047b   Thumb Code    74  rt_memclr_w.o(.text)
    __use_two_region_memory                  0x080004c5   Thumb Code     2  heapauxi.o(.text)
    __rt_heap_escrow$2region                 0x080004c7   Thumb Code     2  heapauxi.o(.text)
    __rt_heap_expand$2region                 0x080004c9   Thumb Code     2  heapauxi.o(.text)
    __user_setup_stackheap                   0x080004cb   Thumb Code    74  sys_stackheap_outer.o(.text)
    exit                                     0x08000515   Thumb Code    18  exit.o(.text)
    __user_libspace                          0x08000529   Thumb Code     8  libspace.o(.text)
    __user_perproc_libspace                  0x08000529   Thumb Code     0  libspace.o(.text)
    __user_perthread_libspace                0x08000529   Thumb Code     0  libspace.o(.text)
    _sys_exit                                0x08000531   Thumb Code     8  sys_exit.o(.text)
    __I$use$semihosting                      0x0800053d   Thumb Code     0  use_no_semi.o(.text)
    __use_no_semihosting_swi                 0x0800053d   Thumb Code     2  use_no_semi.o(.text)
    __semihosting_library_function           0x0800053f   Thumb Code     0  indicate_semi.o(.text)
    BusFault_Handler                         0x08000541   Thumb Code     4  stm32h7xx_it.o(.text.BusFault_Handler)
    Can_receivedata                          0x08000549   Thumb Code    96  fdcan.o(.text.Can_receivedata)
    Can_senddata                             0x080005a9   Thumb Code    22  fdcan.o(.text.Can_senddata)
    DebugMon_Handler                         0x080005c1   Thumb Code     2  stm32h7xx_it.o(.text.DebugMon_Handler)
    Error_Handler                            0x080005c9   Thumb Code    14  main.o(.text.Error_Handler)
    FDCAN1_Receive_Msg                       0x080005d9   Thumb Code    62  fdcan.o(.text.FDCAN1_Receive_Msg)
    FDCAN1_Send_Msg                          0x08000619   Thumb Code    76  fdcan.o(.text.FDCAN1_Send_Msg)
    HAL_FDCAN_ActivateNotification           0x080009e9   Thumb Code   254  stm32h7xx_hal_fdcan.o(.text.HAL_FDCAN_ActivateNotification)
    HAL_FDCAN_AddMessageToTxFifoQ            0x08000ae9   Thumb Code   202  stm32h7xx_hal_fdcan.o(.text.HAL_FDCAN_AddMessageToTxFifoQ)
    HAL_FDCAN_ConfigFilter                   0x08000bb9   Thumb Code   278  stm32h7xx_hal_fdcan.o(.text.HAL_FDCAN_ConfigFilter)
    HAL_FDCAN_GetRxMessage                   0x08000cd1   Thumb Code   764  stm32h7xx_hal_fdcan.o(.text.HAL_FDCAN_GetRxMessage)
    HAL_FDCAN_Init                           0x08000fd1   Thumb Code   992  stm32h7xx_hal_fdcan.o(.text.HAL_FDCAN_Init)
    HAL_FDCAN_MspInit                        0x080013b1   Thumb Code   134  fdcan.o(.text.HAL_FDCAN_MspInit)
    HAL_FDCAN_Start                          0x08001439   Thumb Code    80  stm32h7xx_hal_fdcan.o(.text.HAL_FDCAN_Start)
    HAL_GPIO_Init                            0x08001489   Thumb Code   964  stm32h7xx_hal_gpio.o(.text.HAL_GPIO_Init)
    HAL_GPIO_WritePin                        0x08001851   Thumb Code    46  stm32h7xx_hal_gpio.o(.text.HAL_GPIO_WritePin)
    HAL_GetREVID                             0x08001881   Thumb Code    14  stm32h7xx_hal.o(.text.HAL_GetREVID)
    HAL_GetTick                              0x08001891   Thumb Code    12  stm32h7xx_hal.o(.text.HAL_GetTick)
    HAL_IncTick                              0x080018a1   Thumb Code    26  stm32h7xx_hal.o(.text.HAL_IncTick)
    HAL_Init                                 0x080018c1   Thumb Code   122  stm32h7xx_hal.o(.text.HAL_Init)
    HAL_InitTick                             0x08001941   Thumb Code   200  stm32h7xx_hal_timebase_tim.o(.text.HAL_InitTick)
    HAL_MspInit                              0x08001a09   Thumb Code    50  stm32h7xx_hal_msp.o(.text.HAL_MspInit)
    HAL_NVIC_EnableIRQ                       0x08001a41   Thumb Code    20  stm32h7xx_hal_cortex.o(.text.HAL_NVIC_EnableIRQ)
    HAL_NVIC_SetPriority                     0x08001a59   Thumb Code    46  stm32h7xx_hal_cortex.o(.text.HAL_NVIC_SetPriority)
    HAL_NVIC_SetPriorityGrouping             0x08001a89   Thumb Code    16  stm32h7xx_hal_cortex.o(.text.HAL_NVIC_SetPriorityGrouping)
    HAL_PWREx_ConfigSupply                   0x08001a99   Thumb Code   162  stm32h7xx_hal_pwr_ex.o(.text.HAL_PWREx_ConfigSupply)
    HAL_RCCEx_PeriphCLKConfig                0x08001b41   Thumb Code  3966  stm32h7xx_hal_rcc_ex.o(.text.HAL_RCCEx_PeriphCLKConfig)
    HAL_RCC_ClockConfig                      0x08002ac1   Thumb Code  1176  stm32h7xx_hal_rcc.o(.text.HAL_RCC_ClockConfig)
    HAL_RCC_GetClockConfig                   0x08002f59   Thumb Code   136  stm32h7xx_hal_rcc.o(.text.HAL_RCC_GetClockConfig)
    HAL_RCC_GetHCLKFreq                      0x08002fe1   Thumb Code    86  stm32h7xx_hal_rcc.o(.text.HAL_RCC_GetHCLKFreq)
    HAL_RCC_GetPCLK2Freq                     0x08003039   Thumb Code    38  stm32h7xx_hal_rcc.o(.text.HAL_RCC_GetPCLK2Freq)
    HAL_RCC_GetSysClockFreq                  0x08003061   Thumb Code   784  stm32h7xx_hal_rcc.o(.text.HAL_RCC_GetSysClockFreq)
    HAL_RCC_OscConfig                        0x08003371   Thumb Code  2790  stm32h7xx_hal_rcc.o(.text.HAL_RCC_OscConfig)
    HAL_SPI_Init                             0x08003e59   Thumb Code   600  stm32h7xx_hal_spi.o(.text.HAL_SPI_Init)
    HAL_SPI_MspInit                          0x080040b1   Thumb Code   132  spi.o(.text.HAL_SPI_MspInit)
    HAL_TIMEx_Break2Callback                 0x08004139   Thumb Code     8  stm32h7xx_hal_tim_ex.o(.text.HAL_TIMEx_Break2Callback)
    HAL_TIMEx_BreakCallback                  0x08004141   Thumb Code     8  stm32h7xx_hal_tim_ex.o(.text.HAL_TIMEx_BreakCallback)
    HAL_TIMEx_CommutCallback                 0x08004149   Thumb Code     8  stm32h7xx_hal_tim_ex.o(.text.HAL_TIMEx_CommutCallback)
    HAL_TIM_Base_Init                        0x08004151   Thumb Code   168  stm32h7xx_hal_tim.o(.text.HAL_TIM_Base_Init)
    HAL_TIM_Base_MspInit                     0x080041f9   Thumb Code     8  stm32h7xx_hal_tim.o(.text.HAL_TIM_Base_MspInit)
    HAL_TIM_Base_Start_IT                    0x08004201   Thumb Code   260  stm32h7xx_hal_tim.o(.text.HAL_TIM_Base_Start_IT)
    HAL_TIM_IC_CaptureCallback               0x08004309   Thumb Code     8  stm32h7xx_hal_tim.o(.text.HAL_TIM_IC_CaptureCallback)
    HAL_TIM_IRQHandler                       0x08004311   Thumb Code   692  stm32h7xx_hal_tim.o(.text.HAL_TIM_IRQHandler)
    HAL_TIM_OC_DelayElapsedCallback          0x080045c9   Thumb Code     8  stm32h7xx_hal_tim.o(.text.HAL_TIM_OC_DelayElapsedCallback)
    HAL_TIM_PWM_PulseFinishedCallback        0x080045d1   Thumb Code     8  stm32h7xx_hal_tim.o(.text.HAL_TIM_PWM_PulseFinishedCallback)
    HAL_TIM_PeriodElapsedCallback            0x080045d9   Thumb Code    34  main.o(.text.HAL_TIM_PeriodElapsedCallback)
    HAL_TIM_TriggerCallback                  0x08004601   Thumb Code     8  stm32h7xx_hal_tim.o(.text.HAL_TIM_TriggerCallback)
    HardFault_Handler                        0x08004609   Thumb Code     4  stm32h7xx_it.o(.text.HardFault_Handler)
    MX_FDCAN1_Init                           0x08004611   Thumb Code   180  fdcan.o(.text.MX_FDCAN1_Init)
    MX_FREERTOS_Init                         0x080046c9   Thumb Code   106  freertos.o(.text.MX_FREERTOS_Init)
    MX_GPIO_Init                             0x08004739   Thumb Code   202  gpio.o(.text.MX_GPIO_Init)
    MX_SPI1_Init                             0x08004809   Thumb Code   106  spi.o(.text.MX_SPI1_Init)
    MemManage_Handler                        0x08004879   Thumb Code     4  stm32h7xx_it.o(.text.MemManage_Handler)
    NMI_Handler                              0x08004881   Thumb Code     4  stm32h7xx_it.o(.text.NMI_Handler)
    PendSV_Handler                           0x08004901   Thumb Code   100  port.o(.text.PendSV_Handler)
    PeriphCommonClock_Config                 0x08004969   Thumb Code    78  main.o(.text.PeriphCommonClock_Config)
    SVC_Handler                              0x08004d91   Thumb Code    36  port.o(.text.SVC_Handler)
    StartDefaultTask                         0x08004dc9   Thumb Code    16  freertos.o(.text.StartDefaultTask)
    SysTick_Handler                          0x08004dd9   Thumb Code    30  cmsis_os2.o(.text.SysTick_Handler)
    SystemClock_Config                       0x08004df9   Thumb Code   360  main.o(.text.SystemClock_Config)
    SystemInit                               0x08004f61   Thumb Code   352  system_stm32h7xx.o(.text.SystemInit)
    TIM17_IRQHandler                         0x080050c1   Thumb Code    16  stm32h7xx_it.o(.text.TIM17_IRQHandler)
    TIM_Base_SetConfig                       0x080050d1   Thumb Code   410  stm32h7xx_hal_tim.o(.text.TIM_Base_SetConfig)
    UsageFault_Handler                       0x08005271   Thumb Code     4  stm32h7xx_it.o(.text.UsageFault_Handler)
    cct                                      0x08005389   Thumb Code   224  cct.o(.text.cct)
    driveUpdataTask01                        0x08005469   Thumb Code   616  freertos.o(.text.driveUpdataTask01)
    even_parity                              0x080056d1   Thumb Code   180  freertos.o(.text.even_parity)
    fdcanRxTxTask01                          0x08005789   Thumb Code   200  freertos.o(.text.fdcanRxTxTask01)
    main                                     0x08005851   Thumb Code    48  main.o(.text.main)
    osDelay                                  0x08005881   Thumb Code    52  cmsis_os2.o(.text.osDelay)
    osKernelInitialize                       0x080058b9   Thumb Code    70  cmsis_os2.o(.text.osKernelInitialize)
    osKernelStart                            0x08005901   Thumb Code    82  cmsis_os2.o(.text.osKernelStart)
    osThreadNew                              0x08005959   Thumb Code   346  cmsis_os2.o(.text.osThreadNew)
    pvPortMalloc                             0x08006991   Thumb Code   492  heap_4.o(.text.pvPortMalloc)
    pxPortInitialiseStack                    0x08006b81   Thumb Code    94  port.o(.text.pxPortInitialiseStack)
    uxListRemove                             0x08006be1   Thumb Code    72  list.o(.text.uxListRemove)
    vApplicationGetIdleTaskMemory            0x08006c29   Thumb Code    42  cmsis_os2.o(.text.vApplicationGetIdleTaskMemory)
    vApplicationGetTimerTaskMemory           0x08006c59   Thumb Code    44  cmsis_os2.o(.text.vApplicationGetTimerTaskMemory)
    vListInitialise                          0x08006c89   Thumb Code    46  list.o(.text.vListInitialise)
    vListInitialiseItem                      0x08006cb9   Thumb Code    14  list.o(.text.vListInitialiseItem)
    vListInsert                              0x08006cc9   Thumb Code   106  list.o(.text.vListInsert)
    vListInsertEnd                           0x08006d39   Thumb Code    58  list.o(.text.vListInsertEnd)
    vPortEnterCritical                       0x08006d91   Thumb Code    86  port.o(.text.vPortEnterCritical)
    vPortExitCritical                        0x08006de9   Thumb Code    74  port.o(.text.vPortExitCritical)
    vPortFree                                0x08006e39   Thumb Code   206  heap_4.o(.text.vPortFree)
    vPortSetupTimerInterrupt                 0x08006f09   Thumb Code    68  port.o(.text.vPortSetupTimerInterrupt)
    vPortValidateInterruptPriority           0x08006f51   Thumb Code   132  port.o(.text.vPortValidateInterruptPriority)
    vQueueAddToRegistry                      0x08006fd9   Thumb Code    82  queue.o(.text.vQueueAddToRegistry)
    vQueueWaitForMessageRestricted           0x08007031   Thumb Code   100  queue.o(.text.vQueueWaitForMessageRestricted)
    vTaskDelay                               0x08007099   Thumb Code   110  tasks.o(.text.vTaskDelay)
    vTaskInternalSetTimeOutState             0x08007109   Thumb Code    36  tasks.o(.text.vTaskInternalSetTimeOutState)
    vTaskMissedYield                         0x08007131   Thumb Code    14  tasks.o(.text.vTaskMissedYield)
    vTaskPlaceOnEventList                    0x08007141   Thumb Code    66  tasks.o(.text.vTaskPlaceOnEventList)
    vTaskPlaceOnEventListRestricted          0x08007189   Thumb Code    82  tasks.o(.text.vTaskPlaceOnEventListRestricted)
    vTaskStartScheduler                      0x080071e1   Thumb Code   224  tasks.o(.text.vTaskStartScheduler)
    vTaskSuspendAll                          0x080072c1   Thumb Code    16  tasks.o(.text.vTaskSuspendAll)
    vTaskSwitchContext                       0x080072d1   Thumb Code   198  tasks.o(.text.vTaskSwitchContext)
    xPortStartScheduler                      0x08007399   Thumb Code   342  port.o(.text.xPortStartScheduler)
    xPortSysTickHandler                      0x080074f1   Thumb Code    60  port.o(.text.xPortSysTickHandler)
    xQueueGenericCreateStatic                0x08007531   Thumb Code   270  queue.o(.text.xQueueGenericCreateStatic)
    xQueueGenericReset                       0x08007641   Thumb Code   186  queue.o(.text.xQueueGenericReset)
    xQueueGenericSend                        0x08007701   Thumb Code   556  queue.o(.text.xQueueGenericSend)
    xQueueGenericSendFromISR                 0x08007931   Thumb Code   332  queue.o(.text.xQueueGenericSendFromISR)
    xQueueReceive                            0x08007a81   Thumb Code   476  queue.o(.text.xQueueReceive)
    xTaskCheckForTimeOut                     0x08007c61   Thumb Code   204  tasks.o(.text.xTaskCheckForTimeOut)
    xTaskCreate                              0x08007d31   Thumb Code   158  tasks.o(.text.xTaskCreate)
    xTaskCreateStatic                        0x08007dd1   Thumb Code   206  tasks.o(.text.xTaskCreateStatic)
    xTaskGetSchedulerState                   0x08007ea1   Thumb Code    56  tasks.o(.text.xTaskGetSchedulerState)
    xTaskGetTickCount                        0x08007ed9   Thumb Code    20  tasks.o(.text.xTaskGetTickCount)
    xTaskIncrementTick                       0x08007ef1   Thumb Code   452  tasks.o(.text.xTaskIncrementTick)
    xTaskPriorityDisinherit                  0x080080b9   Thumb Code   236  tasks.o(.text.xTaskPriorityDisinherit)
    xTaskRemoveFromEventList                 0x080081a9   Thumb Code   206  tasks.o(.text.xTaskRemoveFromEventList)
    xTaskResumeAll                           0x08008279   Thumb Code   390  tasks.o(.text.xTaskResumeAll)
    xTimerCreateTimerTask                    0x08008401   Thumb Code   148  timers.o(.text.xTimerCreateTimerTask)
    xTimerGenericCommand                     0x08008499   Thumb Code   176  timers.o(.text.xTimerGenericCommand)
    _fp_init                                 0x08008549   Thumb Code    26  fpinit.o(x$fpl$fpinit)
    __fplib_config_fpu_vfp                   0x08008561   Thumb Code     0  fpinit.o(x$fpl$fpinit)
    __fplib_config_pureend_doubles           0x08008561   Thumb Code     0  fpinit.o(x$fpl$fpinit)
    CANTXDATALONG                            0x080085b0   Data           2  fdcan.o(.rodata.CANTXDATALONG)
    D1CorePrescTable                         0x080085b2   Data          16  system_stm32h7xx.o(.rodata.D1CorePrescTable)
    cct_Cold_Surface                         0x080085d4   Data         308  cct.o(.rodata.cct_Cold_Surface)
    cct_Warm_Surface                         0x08008708   Data         308  cct.o(.rodata.cct_Warm_Surface)
    defaultTask_attributes                   0x0800883c   Data          36  freertos.o(.rodata.defaultTask_attributes)
    driveUpdata_attributes                   0x08008860   Data          36  freertos.o(.rodata.driveUpdata_attributes)
    fdcanRxTx_attributes                     0x08008884   Data          36  freertos.o(.rodata.fdcanRxTx_attributes)
    Region$$Table$$Base                      0x080088dc   Number         0  anon$$obj.o(Region$$Table)
    Region$$Table$$Limit                     0x080088fc   Number         0  anon$$obj.o(Region$$Table)
    SystemCoreClock                          0x24000000   Data           4  system_stm32h7xx.o(.data.SystemCoreClock)
    SystemD2Clock                            0x24000004   Data           4  system_stm32h7xx.o(.data.SystemD2Clock)
    color_Temperature                        0x24000008   Data           2  freertos.o(.data.color_Temperature)
    drive_Switch                             0x2400000a   Data           1  freertos.o(.data.drive_Switch)
    fan_Ratio                                0x2400000b   Data           1  freertos.o(.data.fan_Ratio)
    uwTickFreq                               0x2400000c   Data           1  stm32h7xx_hal.o(.data.uwTickFreq)
    uwTickPrio                               0x24000010   Data           4  stm32h7xx_hal.o(.data.uwTickPrio)
    __libspace_start                         0x24000018   Data          96  libspace.o(.bss)
    CanRxData                                0x24000078   Data           8  fdcan.o(.bss.CanRxData)
    __temporary_stack_top$libspace           0x24000078   Data           0  libspace.o(.bss)
    CanTxData                                0x24000080   Data           8  fdcan.o(.bss.CanTxData)
    brightness                               0x2400008c   Data           4  freertos.o(.bss.brightness)
    can_RxID                                 0x24000090   Data           2  fdcan.o(.bss.can_RxID)
    defaultTaskHandle                        0x24000094   Data           4  freertos.o(.bss.defaultTaskHandle)
    driveUpdataHandle                        0x24000098   Data           4  freertos.o(.bss.driveUpdataHandle)
    drive_Power                              0x2400009c   Data           1  fdcan.o(.bss.drive_Power)
    drive_State                              0x2400009d   Data           1  fdcan.o(.bss.drive_State)
    drive_Temperature                        0x2400009e   Data           1  fdcan.o(.bss.drive_Temperature)
    drive_TxData                             0x2400009f   Data          16  freertos.o(.bss.drive_TxData)
    fdcanRxTxHandle                          0x240000b0   Data           4  freertos.o(.bss.fdcanRxTxHandle)
    hfdcan1                                  0x240000b4   Data         160  fdcan.o(.bss.hfdcan1)
    hspi1                                    0x24000154   Data         136  spi.o(.bss.hspi1)
    htim17                                   0x240001dc   Data          76  stm32h7xx_hal_timebase_tim.o(.bss.htim17)
    pxCurrentTCB                             0x2400031c   Data           4  tasks.o(.bss.pxCurrentTCB)
    uwTick                                   0x2400439c   Data           4  stm32h7xx_hal.o(.bss.uwTick)
    xQueueRegistry                           0x24004af4   Data          64  queue.o(.bss.xQueueRegistry)



==============================================================================

Memory Map of the image

  Image Entry point : 0x08000299

  Load Region LR_IROM1 (Base: 0x08000000, Size: 0x00008918, Max: 0x00200000, ABSOLUTE)

    Execution Region ER_IROM1 (Exec base: 0x08000000, Load base: 0x08000000, Size: 0x000088fc, Max: 0x00200000, ABSOLUTE)

    Exec Addr    Load Addr    Size         Type   Attr      Idx    E Section Name        Object

    0x08000000   0x08000000   0x00000298   Data   RO            3    RESET               startup_stm32h743xx.o
    0x08000298   0x08000298   0x00000008   Code   RO         2500  * !!!main             c_w.l(__main.o)
    0x080002a0   0x080002a0   0x00000034   Code   RO         2665    !!!scatter          c_w.l(__scatter.o)
    0x080002d4   0x080002d4   0x0000001a   Code   RO         2667    !!handler_copy      c_w.l(__scatter_copy.o)
    0x080002ee   0x080002ee   0x00000002   PAD
    0x080002f0   0x080002f0   0x0000001c   Code   RO         2669    !!handler_zi        c_w.l(__scatter_zi.o)
    0x0800030c   0x0800030c   0x00000002   Code   RO         2527    .ARM.Collect$$libinit$$00000000  c_w.l(libinit.o)
    0x0800030e   0x0800030e   0x00000004   Code   RO         2533    .ARM.Collect$$libinit$$00000001  c_w.l(libinit2.o)
    0x08000312   0x08000312   0x00000000   Code   RO         2536    .ARM.Collect$$libinit$$00000004  c_w.l(libinit2.o)
    0x08000312   0x08000312   0x00000000   Code   RO         2538    .ARM.Collect$$libinit$$00000006  c_w.l(libinit2.o)
    0x08000312   0x08000312   0x00000000   Code   RO         2541    .ARM.Collect$$libinit$$0000000C  c_w.l(libinit2.o)
    0x08000312   0x08000312   0x00000000   Code   RO         2543    .ARM.Collect$$libinit$$0000000E  c_w.l(libinit2.o)
    0x08000312   0x08000312   0x00000000   Code   RO         2545    .ARM.Collect$$libinit$$00000010  c_w.l(libinit2.o)
    0x08000312   0x08000312   0x00000000   Code   RO         2548    .ARM.Collect$$libinit$$00000013  c_w.l(libinit2.o)
    0x08000312   0x08000312   0x00000000   Code   RO         2550    .ARM.Collect$$libinit$$00000015  c_w.l(libinit2.o)
    0x08000312   0x08000312   0x00000000   Code   RO         2552    .ARM.Collect$$libinit$$00000017  c_w.l(libinit2.o)
    0x08000312   0x08000312   0x00000000   Code   RO         2554    .ARM.Collect$$libinit$$00000019  c_w.l(libinit2.o)
    0x08000312   0x08000312   0x00000000   Code   RO         2556    .ARM.Collect$$libinit$$0000001B  c_w.l(libinit2.o)
    0x08000312   0x08000312   0x00000000   Code   RO         2558    .ARM.Collect$$libinit$$0000001D  c_w.l(libinit2.o)
    0x08000312   0x08000312   0x00000000   Code   RO         2560    .ARM.Collect$$libinit$$0000001F  c_w.l(libinit2.o)
    0x08000312   0x08000312   0x00000000   Code   RO         2562    .ARM.Collect$$libinit$$00000021  c_w.l(libinit2.o)
    0x08000312   0x08000312   0x00000000   Code   RO         2564    .ARM.Collect$$libinit$$00000023  c_w.l(libinit2.o)
    0x08000312   0x08000312   0x00000000   Code   RO         2566    .ARM.Collect$$libinit$$00000025  c_w.l(libinit2.o)
    0x08000312   0x08000312   0x00000000   Code   RO         2568    .ARM.Collect$$libinit$$00000027  c_w.l(libinit2.o)
    0x08000312   0x08000312   0x00000000   Code   RO         2572    .ARM.Collect$$libinit$$0000002E  c_w.l(libinit2.o)
    0x08000312   0x08000312   0x00000000   Code   RO         2574    .ARM.Collect$$libinit$$00000030  c_w.l(libinit2.o)
    0x08000312   0x08000312   0x00000000   Code   RO         2576    .ARM.Collect$$libinit$$00000032  c_w.l(libinit2.o)
    0x08000312   0x08000312   0x00000000   Code   RO         2578    .ARM.Collect$$libinit$$00000034  c_w.l(libinit2.o)
    0x08000312   0x08000312   0x00000002   Code   RO         2579    .ARM.Collect$$libinit$$00000035  c_w.l(libinit2.o)
    0x08000314   0x08000314   0x00000002   Code   RO         2601    .ARM.Collect$$libshutdown$$00000000  c_w.l(libshutdown.o)
    0x08000316   0x08000316   0x00000000   Code   RO         2616    .ARM.Collect$$libshutdown$$00000002  c_w.l(libshutdown2.o)
    0x08000316   0x08000316   0x00000000   Code   RO         2618    .ARM.Collect$$libshutdown$$00000004  c_w.l(libshutdown2.o)
    0x08000316   0x08000316   0x00000000   Code   RO         2621    .ARM.Collect$$libshutdown$$00000007  c_w.l(libshutdown2.o)
    0x08000316   0x08000316   0x00000000   Code   RO         2624    .ARM.Collect$$libshutdown$$0000000A  c_w.l(libshutdown2.o)
    0x08000316   0x08000316   0x00000000   Code   RO         2626    .ARM.Collect$$libshutdown$$0000000C  c_w.l(libshutdown2.o)
    0x08000316   0x08000316   0x00000000   Code   RO         2629    .ARM.Collect$$libshutdown$$0000000F  c_w.l(libshutdown2.o)
    0x08000316   0x08000316   0x00000002   Code   RO         2630    .ARM.Collect$$libshutdown$$00000010  c_w.l(libshutdown2.o)
    0x08000318   0x08000318   0x00000000   Code   RO         2502    .ARM.Collect$$rtentry$$00000000  c_w.l(__rtentry.o)
    0x08000318   0x08000318   0x00000000   Code   RO         2504    .ARM.Collect$$rtentry$$00000002  c_w.l(__rtentry2.o)
    0x08000318   0x08000318   0x00000006   Code   RO         2516    .ARM.Collect$$rtentry$$00000004  c_w.l(__rtentry4.o)
    0x0800031e   0x0800031e   0x00000000   Code   RO         2506    .ARM.Collect$$rtentry$$00000009  c_w.l(__rtentry2.o)
    0x0800031e   0x0800031e   0x00000004   Code   RO         2507    .ARM.Collect$$rtentry$$0000000A  c_w.l(__rtentry2.o)
    0x08000322   0x08000322   0x00000000   Code   RO         2509    .ARM.Collect$$rtentry$$0000000C  c_w.l(__rtentry2.o)
    0x08000322   0x08000322   0x00000008   Code   RO         2510    .ARM.Collect$$rtentry$$0000000D  c_w.l(__rtentry2.o)
    0x0800032a   0x0800032a   0x00000002   Code   RO         2531    .ARM.Collect$$rtexit$$00000000  c_w.l(rtexit.o)
    0x0800032c   0x0800032c   0x00000000   Code   RO         2581    .ARM.Collect$$rtexit$$00000002  c_w.l(rtexit2.o)
    0x0800032c   0x0800032c   0x00000004   Code   RO         2582    .ARM.Collect$$rtexit$$00000003  c_w.l(rtexit2.o)
    0x08000330   0x08000330   0x00000006   Code   RO         2583    .ARM.Collect$$rtexit$$00000004  c_w.l(rtexit2.o)
    0x08000336   0x08000336   0x00000002   PAD
    0x08000338   0x08000338   0x00000040   Code   RO            4    .text               startup_stm32h743xx.o
    0x08000378   0x08000378   0x0000008a   Code   RO         2486    .text               c_w.l(rt_memcpy_v6.o)
    0x08000402   0x08000402   0x00000064   Code   RO         2488    .text               c_w.l(rt_memcpy_w.o)
    0x08000466   0x08000466   0x00000010   Code   RO         2492    .text               c_w.l(aeabi_memset4.o)
    0x08000476   0x08000476   0x0000004e   Code   RO         2496    .text               c_w.l(rt_memclr_w.o)
    0x080004c4   0x080004c4   0x00000006   Code   RO         2498    .text               c_w.l(heapauxi.o)
    0x080004ca   0x080004ca   0x0000004a   Code   RO         2518    .text               c_w.l(sys_stackheap_outer.o)
    0x08000514   0x08000514   0x00000012   Code   RO         2520    .text               c_w.l(exit.o)
    0x08000526   0x08000526   0x00000002   PAD
    0x08000528   0x08000528   0x00000008   Code   RO         2528    .text               c_w.l(libspace.o)
    0x08000530   0x08000530   0x0000000c   Code   RO         2591    .text               c_w.l(sys_exit.o)
    0x0800053c   0x0800053c   0x00000002   Code   RO         2606    .text               c_w.l(use_no_semi.o)
    0x0800053e   0x0800053e   0x00000000   Code   RO         2608    .text               c_w.l(indicate_semi.o)
    0x0800053e   0x0800053e   0x00000002   PAD
    0x08000540   0x08000540   0x00000004   Code   RO          198    .text.BusFault_Handler  stm32h7xx_it.o
    0x08000544   0x08000544   0x00000004   PAD
    0x08000548   0x08000548   0x00000060   Code   RO          154    .text.Can_receivedata  fdcan.o
    0x080005a8   0x080005a8   0x00000016   Code   RO          152    .text.Can_senddata  fdcan.o
    0x080005be   0x080005be   0x00000002   PAD
    0x080005c0   0x080005c0   0x00000002   Code   RO          202    .text.DebugMon_Handler  stm32h7xx_it.o
    0x080005c2   0x080005c2   0x00000006   PAD
    0x080005c8   0x080005c8   0x0000000e   Code   RO           85    .text.Error_Handler  main.o
    0x080005d6   0x080005d6   0x00000002   PAD
    0x080005d8   0x080005d8   0x0000003e   Code   RO          150    .text.FDCAN1_Receive_Msg  fdcan.o
    0x08000616   0x08000616   0x00000002   PAD
    0x08000618   0x08000618   0x0000004c   Code   RO          148    .text.FDCAN1_Send_Msg  fdcan.o
    0x08000664   0x08000664   0x00000004   PAD
    0x08000668   0x08000668   0x000002c2   Code   RO         1130    .text.FDCAN_CalcultateRamBlockAddresses  stm32h7xx_hal_fdcan.o
    0x0800092a   0x0800092a   0x00000006   PAD
    0x08000930   0x08000930   0x000000b6   Code   RO         1200    .text.FDCAN_CopyMessageToRAM  stm32h7xx_hal_fdcan.o
    0x080009e6   0x080009e6   0x00000002   PAD
    0x080009e8   0x080009e8   0x000000fe   Code   RO         1278    .text.HAL_FDCAN_ActivateNotification  stm32h7xx_hal_fdcan.o
    0x08000ae6   0x08000ae6   0x00000002   PAD
    0x08000ae8   0x08000ae8   0x000000ca   Code   RO         1198    .text.HAL_FDCAN_AddMessageToTxFifoQ  stm32h7xx_hal_fdcan.o
    0x08000bb2   0x08000bb2   0x00000006   PAD
    0x08000bb8   0x08000bb8   0x00000116   Code   RO         1150    .text.HAL_FDCAN_ConfigFilter  stm32h7xx_hal_fdcan.o
    0x08000cce   0x08000cce   0x00000002   PAD
    0x08000cd0   0x08000cd0   0x000002fc   Code   RO         1210    .text.HAL_FDCAN_GetRxMessage  stm32h7xx_hal_fdcan.o
    0x08000fcc   0x08000fcc   0x00000004   PAD
    0x08000fd0   0x08000fd0   0x000003e0   Code   RO         1126    .text.HAL_FDCAN_Init  stm32h7xx_hal_fdcan.o
    0x080013b0   0x080013b0   0x00000086   Code   RO          144    .text.HAL_FDCAN_MspInit  fdcan.o
    0x08001436   0x08001436   0x00000002   PAD
    0x08001438   0x08001438   0x00000050   Code   RO         1196    .text.HAL_FDCAN_Start  stm32h7xx_hal_fdcan.o
    0x08001488   0x08001488   0x000003c4   Code   RO          515    .text.HAL_GPIO_Init  stm32h7xx_hal_gpio.o
    0x0800184c   0x0800184c   0x00000004   PAD
    0x08001850   0x08001850   0x0000002e   Code   RO          521    .text.HAL_GPIO_WritePin  stm32h7xx_hal_gpio.o
    0x0800187e   0x0800187e   0x00000002   PAD
    0x08001880   0x08001880   0x0000000e   Code   RO          839    .text.HAL_GetREVID  stm32h7xx_hal.o
    0x0800188e   0x0800188e   0x00000002   PAD
    0x08001890   0x08001890   0x0000000c   Code   RO          823    .text.HAL_GetTick   stm32h7xx_hal.o
    0x0800189c   0x0800189c   0x00000004   PAD
    0x080018a0   0x080018a0   0x0000001a   Code   RO          821    .text.HAL_IncTick   stm32h7xx_hal.o
    0x080018ba   0x080018ba   0x00000006   PAD
    0x080018c0   0x080018c0   0x0000007a   Code   RO          811    .text.HAL_Init      stm32h7xx_hal.o
    0x0800193a   0x0800193a   0x00000006   PAD
    0x08001940   0x08001940   0x000000c8   Code   RO          221    .text.HAL_InitTick  stm32h7xx_hal_timebase_tim.o
    0x08001a08   0x08001a08   0x00000032   Code   RO          213    .text.HAL_MspInit   stm32h7xx_hal_msp.o
    0x08001a3a   0x08001a3a   0x00000006   PAD
    0x08001a40   0x08001a40   0x00000014   Code   RO          257    .text.HAL_NVIC_EnableIRQ  stm32h7xx_hal_cortex.o
    0x08001a54   0x08001a54   0x00000004   PAD
    0x08001a58   0x08001a58   0x0000002e   Code   RO          249    .text.HAL_NVIC_SetPriority  stm32h7xx_hal_cortex.o
    0x08001a86   0x08001a86   0x00000002   PAD
    0x08001a88   0x08001a88   0x00000010   Code   RO          245    .text.HAL_NVIC_SetPriorityGrouping  stm32h7xx_hal_cortex.o
    0x08001a98   0x08001a98   0x000000a2   Code   RO          724    .text.HAL_PWREx_ConfigSupply  stm32h7xx_hal_pwr_ex.o
    0x08001b3a   0x08001b3a   0x00000006   PAD
    0x08001b40   0x08001b40   0x00000f7e   Code   RO          353    .text.HAL_RCCEx_PeriphCLKConfig  stm32h7xx_hal_rcc_ex.o
    0x08002abe   0x08002abe   0x00000002   PAD
    0x08002ac0   0x08002ac0   0x00000498   Code   RO          322    .text.HAL_RCC_ClockConfig  stm32h7xx_hal_rcc.o
    0x08002f58   0x08002f58   0x00000088   Code   RO          340    .text.HAL_RCC_GetClockConfig  stm32h7xx_hal_rcc.o
    0x08002fe0   0x08002fe0   0x00000056   Code   RO          332    .text.HAL_RCC_GetHCLKFreq  stm32h7xx_hal_rcc.o
    0x08003036   0x08003036   0x00000002   PAD
    0x08003038   0x08003038   0x00000026   Code   RO          336    .text.HAL_RCC_GetPCLK2Freq  stm32h7xx_hal_rcc.o
    0x0800305e   0x0800305e   0x00000002   PAD
    0x08003060   0x08003060   0x00000310   Code   RO          324    .text.HAL_RCC_GetSysClockFreq  stm32h7xx_hal_rcc.o
    0x08003370   0x08003370   0x00000ae6   Code   RO          320    .text.HAL_RCC_OscConfig  stm32h7xx_hal_rcc.o
    0x08003e56   0x08003e56   0x00000002   PAD
    0x08003e58   0x08003e58   0x00000258   Code   RO         1335    .text.HAL_SPI_Init  stm32h7xx_hal_spi.o
    0x080040b0   0x080040b0   0x00000084   Code   RO          174    .text.HAL_SPI_MspInit  spi.o
    0x08004134   0x08004134   0x00000004   PAD
    0x08004138   0x08004138   0x00000008   Code   RO         1788    .text.HAL_TIMEx_Break2Callback  stm32h7xx_hal_tim_ex.o
    0x08004140   0x08004140   0x00000008   Code   RO         1786    .text.HAL_TIMEx_BreakCallback  stm32h7xx_hal_tim_ex.o
    0x08004148   0x08004148   0x00000008   Code   RO         1782    .text.HAL_TIMEx_CommutCallback  stm32h7xx_hal_tim_ex.o
    0x08004150   0x08004150   0x000000a8   Code   RO         1453    .text.HAL_TIM_Base_Init  stm32h7xx_hal_tim.o
    0x080041f8   0x080041f8   0x00000008   Code   RO         1455    .text.HAL_TIM_Base_MspInit  stm32h7xx_hal_tim.o
    0x08004200   0x08004200   0x00000104   Code   RO         1467    .text.HAL_TIM_Base_Start_IT  stm32h7xx_hal_tim.o
    0x08004304   0x08004304   0x00000004   PAD
    0x08004308   0x08004308   0x00000008   Code   RO         1589    .text.HAL_TIM_IC_CaptureCallback  stm32h7xx_hal_tim.o
    0x08004310   0x08004310   0x000002b4   Code   RO         1587    .text.HAL_TIM_IRQHandler  stm32h7xx_hal_tim.o
    0x080045c4   0x080045c4   0x00000004   PAD
    0x080045c8   0x080045c8   0x00000008   Code   RO         1591    .text.HAL_TIM_OC_DelayElapsedCallback  stm32h7xx_hal_tim.o
    0x080045d0   0x080045d0   0x00000008   Code   RO         1593    .text.HAL_TIM_PWM_PulseFinishedCallback  stm32h7xx_hal_tim.o
    0x080045d8   0x080045d8   0x00000022   Code   RO           87    .text.HAL_TIM_PeriodElapsedCallback  main.o
    0x080045fa   0x080045fa   0x00000006   PAD
    0x08004600   0x08004600   0x00000008   Code   RO         1597    .text.HAL_TIM_TriggerCallback  stm32h7xx_hal_tim.o
    0x08004608   0x08004608   0x00000004   Code   RO          194    .text.HardFault_Handler  stm32h7xx_it.o
    0x0800460c   0x0800460c   0x00000004   PAD
    0x08004610   0x08004610   0x000000b4   Code   RO          142    .text.MX_FDCAN1_Init  fdcan.o
    0x080046c4   0x080046c4   0x00000004   PAD
    0x080046c8   0x080046c8   0x0000006a   Code   RO          105    .text.MX_FREERTOS_Init  freertos.o
    0x08004732   0x08004732   0x00000006   PAD
    0x08004738   0x08004738   0x000000ca   Code   RO           97    .text.MX_GPIO_Init  gpio.o
    0x08004802   0x08004802   0x00000006   PAD
    0x08004808   0x08004808   0x0000006a   Code   RO          172    .text.MX_SPI1_Init  spi.o
    0x08004872   0x08004872   0x00000006   PAD
    0x08004878   0x08004878   0x00000004   Code   RO          196    .text.MemManage_Handler  stm32h7xx_it.o
    0x0800487c   0x0800487c   0x00000004   PAD
    0x08004880   0x08004880   0x00000004   Code   RO          192    .text.NMI_Handler   stm32h7xx_it.o
    0x08004884   0x08004884   0x00000004   PAD
    0x08004888   0x08004888   0x0000006c   Code   RO          255    .text.NVIC_EncodePriority  stm32h7xx_hal_cortex.o
    0x080048f4   0x080048f4   0x0000000c   PAD
    0x08004900   0x08004900   0x00000064   Code   RO         2469    .text.PendSV_Handler  port.o
    0x08004964   0x08004964   0x00000004   PAD
    0x08004968   0x08004968   0x0000004e   Code   RO           83    .text.PeriphCommonClock_Config  main.o
    0x080049b6   0x080049b6   0x00000002   PAD
    0x080049b8   0x080049b8   0x000001ca   Code   RO          355    .text.RCCEx_PLL2_Config  stm32h7xx_hal_rcc_ex.o
    0x08004b82   0x08004b82   0x00000006   PAD
    0x08004b88   0x08004b88   0x000001ca   Code   RO          357    .text.RCCEx_PLL3_Config  stm32h7xx_hal_rcc_ex.o
    0x08004d52   0x08004d52   0x00000006   PAD
    0x08004d58   0x08004d58   0x0000002a   Code   RO         1337    .text.SPI_GetPacketSize  stm32h7xx_hal_spi.o
    0x08004d82   0x08004d82   0x0000000e   PAD
    0x08004d90   0x08004d90   0x00000024   Code   RO         2453    .text.SVC_Handler   port.o
    0x08004db4   0x08004db4   0x00000004   PAD
    0x08004db8   0x08004db8   0x0000000e   Code   RO         2249    .text.SVC_Setup     cmsis_os2.o
    0x08004dc6   0x08004dc6   0x00000002   PAD
    0x08004dc8   0x08004dc8   0x00000010   Code   RO          107    .text.StartDefaultTask  freertos.o
    0x08004dd8   0x08004dd8   0x0000001e   Code   RO         2239    .text.SysTick_Handler  cmsis_os2.o
    0x08004df6   0x08004df6   0x00000002   PAD
    0x08004df8   0x08004df8   0x00000168   Code   RO           81    .text.SystemClock_Config  main.o
    0x08004f60   0x08004f60   0x00000160   Code   RO         1801    .text.SystemInit    system_stm32h7xx.o
    0x080050c0   0x080050c0   0x00000010   Code   RO          204    .text.TIM17_IRQHandler  stm32h7xx_it.o
    0x080050d0   0x080050d0   0x0000019a   Code   RO         1457    .text.TIM_Base_SetConfig  stm32h7xx_hal_tim.o
    0x0800526a   0x0800526a   0x00000006   PAD
    0x08005270   0x08005270   0x00000004   Code   RO          200    .text.UsageFault_Handler  stm32h7xx_it.o
    0x08005274   0x08005274   0x00000004   PAD
    0x08005278   0x08005278   0x00000030   Code   RO          259    .text.__NVIC_EnableIRQ  stm32h7xx_hal_cortex.o
    0x080052a8   0x080052a8   0x00000010   Code   RO          251    .text.__NVIC_GetPriorityGrouping  stm32h7xx_hal_cortex.o
    0x080052b8   0x080052b8   0x00000042   Code   RO          253    .text.__NVIC_SetPriority  stm32h7xx_hal_cortex.o
    0x080052fa   0x080052fa   0x00000006   PAD
    0x08005300   0x08005300   0x00000042   Code   RO         2403    .text.__NVIC_SetPriority  cmsis_os2.o
    0x08005342   0x08005342   0x00000006   PAD
    0x08005348   0x08005348   0x0000003c   Code   RO          247    .text.__NVIC_SetPriorityGrouping  stm32h7xx_hal_cortex.o
    0x08005384   0x08005384   0x00000004   PAD
    0x08005388   0x08005388   0x000000e0   Code   RO          235    .text.cct           cct.o
    0x08005468   0x08005468   0x00000268   Code   RO          111    .text.driveUpdataTask01  freertos.o
    0x080056d0   0x080056d0   0x000000b4   Code   RO          113    .text.even_parity   freertos.o
    0x08005784   0x08005784   0x00000004   PAD
    0x08005788   0x08005788   0x000000c8   Code   RO          109    .text.fdcanRxTxTask01  freertos.o
    0x08005850   0x08005850   0x00000030   Code   RO           79    .text.main          main.o
    0x08005880   0x08005880   0x00000034   Code   RO         2307    .text.osDelay       cmsis_os2.o
    0x080058b4   0x080058b4   0x00000004   PAD
    0x080058b8   0x080058b8   0x00000046   Code   RO         2241    .text.osKernelInitialize  cmsis_os2.o
    0x080058fe   0x080058fe   0x00000002   PAD
    0x08005900   0x08005900   0x00000052   Code   RO         2247    .text.osKernelStart  cmsis_os2.o
    0x08005952   0x08005952   0x00000006   PAD
    0x08005958   0x08005958   0x0000015a   Code   RO         2271    .text.osThreadNew   cmsis_os2.o
    0x08005ab2   0x08005ab2   0x00000006   PAD
    0x08005ab8   0x08005ab8   0x000000d4   Code   RO         2033    .text.prvAddCurrentTaskToDelayedList  tasks.o
    0x08005b8c   0x08005b8c   0x00000004   PAD
    0x08005b90   0x08005b90   0x00000122   Code   RO         2019    .text.prvAddNewTaskToReadyList  tasks.o
    0x08005cb2   0x08005cb2   0x00000006   PAD
    0x08005cb8   0x08005cb8   0x000000a2   Code   RO         2170    .text.prvCheckForValidListAndQueue  timers.o
    0x08005d5a   0x08005d5a   0x00000006   PAD
    0x08005d60   0x08005d60   0x0000005a   Code   RO         2137    .text.prvCheckTasksWaitingTermination  tasks.o
    0x08005dba   0x08005dba   0x00000006   PAD
    0x08005dc0   0x08005dc0   0x00000042   Code   RO         1912    .text.prvCopyDataFromQueue  queue.o
    0x08005e02   0x08005e02   0x00000006   PAD
    0x08005e08   0x08005e08   0x000000cc   Code   RO         1900    .text.prvCopyDataToQueue  queue.o
    0x08005ed4   0x08005ed4   0x00000004   PAD
    0x08005ed8   0x08005ed8   0x0000005e   Code   RO         2025    .text.prvDeleteTCB  tasks.o
    0x08005f36   0x08005f36   0x00000002   PAD
    0x08005f38   0x08005f38   0x00000040   Code   RO         2208    .text.prvGetNextExpireTime  timers.o
    0x08005f78   0x08005f78   0x000000bc   Code   RO         2420    .text.prvHeapInit   heap_4.o
    0x08006034   0x08006034   0x00000004   PAD
    0x08006038   0x08006038   0x00000038   Code   RO         2059    .text.prvIdleTask   tasks.o
    0x08006070   0x08006070   0x00000048   Code   RO         1874    .text.prvInitialiseNewQueue  queue.o
    0x080060b8   0x080060b8   0x00000122   Code   RO         2017    .text.prvInitialiseNewTask  tasks.o
    0x080061da   0x080061da   0x00000006   PAD
    0x080061e0   0x080061e0   0x0000008e   Code   RO         2135    .text.prvInitialiseTaskLists  tasks.o
    0x0800626e   0x0800626e   0x00000002   PAD
    0x08006270   0x08006270   0x000000c6   Code   RO         2422    .text.prvInsertBlockIntoFreeList  heap_4.o
    0x08006336   0x08006336   0x00000002   PAD
    0x08006338   0x08006338   0x00000086   Code   RO         2220    .text.prvInsertTimerInActiveList  timers.o
    0x080063be   0x080063be   0x00000002   PAD
    0x080063c0   0x080063c0   0x00000028   Code   RO         1914    .text.prvIsQueueEmpty  queue.o
    0x080063e8   0x080063e8   0x0000002e   Code   RO         1902    .text.prvIsQueueFull  queue.o
    0x08006416   0x08006416   0x00000002   PAD
    0x08006418   0x08006418   0x00000028   Code   RO         2461    .text.prvPortStartFirstTask  port.o
    0x08006440   0x08006440   0x0000008e   Code   RO         2216    .text.prvProcessExpiredTimer  timers.o
    0x080064ce   0x080064ce   0x00000002   PAD
    0x080064d0   0x080064d0   0x00000192   Code   RO         2212    .text.prvProcessReceivedCommands  timers.o
    0x08006662   0x08006662   0x00000006   PAD
    0x08006668   0x08006668   0x0000009a   Code   RO         2210    .text.prvProcessTimerOrBlockTask  timers.o
    0x08006702   0x08006702   0x00000006   PAD
    0x08006708   0x08006708   0x00000046   Code   RO         2027    .text.prvResetNextTaskUnblockTime  tasks.o
    0x0800674e   0x0800674e   0x00000002   PAD
    0x08006750   0x08006750   0x00000044   Code   RO         2214    .text.prvSampleTimeNow  timers.o
    0x08006794   0x08006794   0x00000004   PAD
    0x08006798   0x08006798   0x000000d4   Code   RO         2218    .text.prvSwitchTimerLists  timers.o
    0x0800686c   0x0800686c   0x00000004   PAD
    0x08006870   0x08006870   0x0000004c   Code   RO         2451    .text.prvTaskExitError  port.o
    0x080068bc   0x080068bc   0x00000004   PAD
    0x080068c0   0x080068c0   0x0000001e   Code   RO         2172    .text.prvTimerTask  timers.o
    0x080068de   0x080068de   0x00000002   PAD
    0x080068e0   0x080068e0   0x000000ae   Code   RO         1904    .text.prvUnlockQueue  queue.o
    0x0800698e   0x0800698e   0x00000002   PAD
    0x08006990   0x08006990   0x000001ec   Code   RO         2418    .text.pvPortMalloc  heap_4.o
    0x08006b7c   0x08006b7c   0x00000004   PAD
    0x08006b80   0x08006b80   0x0000005e   Code   RO         2449    .text.pxPortInitialiseStack  port.o
    0x08006bde   0x08006bde   0x00000002   PAD
    0x08006be0   0x08006be0   0x00000048   Code   RO         1861    .text.uxListRemove  list.o
    0x08006c28   0x08006c28   0x0000002a   Code   RO         2399    .text.vApplicationGetIdleTaskMemory  cmsis_os2.o
    0x08006c52   0x08006c52   0x00000006   PAD
    0x08006c58   0x08006c58   0x0000002c   Code   RO         2401    .text.vApplicationGetTimerTaskMemory  cmsis_os2.o
    0x08006c84   0x08006c84   0x00000004   PAD
    0x08006c88   0x08006c88   0x0000002e   Code   RO         1853    .text.vListInitialise  list.o
    0x08006cb6   0x08006cb6   0x00000002   PAD
    0x08006cb8   0x08006cb8   0x0000000e   Code   RO         1855    .text.vListInitialiseItem  list.o
    0x08006cc6   0x08006cc6   0x00000002   PAD
    0x08006cc8   0x08006cc8   0x0000006a   Code   RO         1859    .text.vListInsert   list.o
    0x08006d32   0x08006d32   0x00000006   PAD
    0x08006d38   0x08006d38   0x0000003a   Code   RO         1857    .text.vListInsertEnd  list.o
    0x08006d72   0x08006d72   0x00000006   PAD
    0x08006d78   0x08006d78   0x00000014   Code   RO         2459    .text.vPortEnableVFP  port.o
    0x08006d8c   0x08006d8c   0x00000004   PAD
    0x08006d90   0x08006d90   0x00000056   Code   RO         2465    .text.vPortEnterCritical  port.o
    0x08006de6   0x08006de6   0x00000002   PAD
    0x08006de8   0x08006de8   0x0000004a   Code   RO         2467    .text.vPortExitCritical  port.o
    0x08006e32   0x08006e32   0x00000006   PAD
    0x08006e38   0x08006e38   0x000000ce   Code   RO         2424    .text.vPortFree     heap_4.o
    0x08006f06   0x08006f06   0x00000002   PAD
    0x08006f08   0x08006f08   0x00000044   Code   RO         2457    .text.vPortSetupTimerInterrupt  port.o
    0x08006f4c   0x08006f4c   0x00000004   PAD
    0x08006f50   0x08006f50   0x00000084   Code   RO         2473    .text.vPortValidateInterruptPriority  port.o
    0x08006fd4   0x08006fd4   0x00000004   PAD
    0x08006fd8   0x08006fd8   0x00000052   Code   RO         1944    .text.vQueueAddToRegistry  queue.o
    0x0800702a   0x0800702a   0x00000006   PAD
    0x08007030   0x08007030   0x00000064   Code   RO         1948    .text.vQueueWaitForMessageRestricted  queue.o
    0x08007094   0x08007094   0x00000004   PAD
    0x08007098   0x08007098   0x0000006e   Code   RO         2037    .text.vTaskDelay    tasks.o
    0x08007106   0x08007106   0x00000002   PAD
    0x08007108   0x08007108   0x00000024   Code   RO         2091    .text.vTaskInternalSetTimeOutState  tasks.o
    0x0800712c   0x0800712c   0x00000004   PAD
    0x08007130   0x08007130   0x0000000e   Code   RO         2095    .text.vTaskMissedYield  tasks.o
    0x0800713e   0x0800713e   0x00000002   PAD
    0x08007140   0x08007140   0x00000042   Code   RO         2079    .text.vTaskPlaceOnEventList  tasks.o
    0x08007182   0x08007182   0x00000006   PAD
    0x08007188   0x08007188   0x00000052   Code   RO         2083    .text.vTaskPlaceOnEventListRestricted  tasks.o
    0x080071da   0x080071da   0x00000006   PAD
    0x080071e0   0x080071e0   0x000000e0   Code   RO         2057    .text.vTaskStartScheduler  tasks.o
    0x080072c0   0x080072c0   0x00000010   Code   RO         2031    .text.vTaskSuspendAll  tasks.o
    0x080072d0   0x080072d0   0x000000c6   Code   RO         2049    .text.vTaskSwitchContext  tasks.o
    0x08007396   0x08007396   0x00000002   PAD
    0x08007398   0x08007398   0x00000156   Code   RO         2455    .text.xPortStartScheduler  port.o
    0x080074ee   0x080074ee   0x00000002   PAD
    0x080074f0   0x080074f0   0x0000003c   Code   RO         2471    .text.xPortSysTickHandler  port.o
    0x0800752c   0x0800752c   0x00000004   PAD
    0x08007530   0x08007530   0x0000010e   Code   RO         1872    .text.xQueueGenericCreateStatic  queue.o
    0x0800763e   0x0800763e   0x00000002   PAD
    0x08007640   0x08007640   0x000000ba   Code   RO         1870    .text.xQueueGenericReset  queue.o
    0x080076fa   0x080076fa   0x00000006   PAD
    0x08007700   0x08007700   0x0000022c   Code   RO         1890    .text.xQueueGenericSend  queue.o
    0x0800792c   0x0800792c   0x00000004   PAD
    0x08007930   0x08007930   0x0000014c   Code   RO         1906    .text.xQueueGenericSendFromISR  queue.o
    0x08007a7c   0x08007a7c   0x00000004   PAD
    0x08007a80   0x08007a80   0x000001dc   Code   RO         1910    .text.xQueueReceive  queue.o
    0x08007c5c   0x08007c5c   0x00000004   PAD
    0x08007c60   0x08007c60   0x000000cc   Code   RO         2093    .text.xTaskCheckForTimeOut  tasks.o
    0x08007d2c   0x08007d2c   0x00000004   PAD
    0x08007d30   0x08007d30   0x0000009e   Code   RO         2021    .text.xTaskCreate   tasks.o
    0x08007dce   0x08007dce   0x00000002   PAD
    0x08007dd0   0x08007dd0   0x000000ce   Code   RO         2015    .text.xTaskCreateStatic  tasks.o
    0x08007e9e   0x08007e9e   0x00000002   PAD
    0x08007ea0   0x08007ea0   0x00000038   Code   RO         2109    .text.xTaskGetSchedulerState  tasks.o
    0x08007ed8   0x08007ed8   0x00000014   Code   RO         2065    .text.xTaskGetTickCount  tasks.o
    0x08007eec   0x08007eec   0x00000004   PAD
    0x08007ef0   0x08007ef0   0x000001c4   Code   RO         2063    .text.xTaskIncrementTick  tasks.o
    0x080080b4   0x080080b4   0x00000004   PAD
    0x080080b8   0x080080b8   0x000000ec   Code   RO         2113    .text.xTaskPriorityDisinherit  tasks.o
    0x080081a4   0x080081a4   0x00000004   PAD
    0x080081a8   0x080081a8   0x000000ce   Code   RO         2085    .text.xTaskRemoveFromEventList  tasks.o
    0x08008276   0x08008276   0x00000002   PAD
    0x08008278   0x08008278   0x00000186   Code   RO         2035    .text.xTaskResumeAll  tasks.o
    0x080083fe   0x080083fe   0x00000002   PAD
    0x08008400   0x08008400   0x00000094   Code   RO         2168    .text.xTimerCreateTimerTask  timers.o
    0x08008494   0x08008494   0x00000004   PAD
    0x08008498   0x08008498   0x000000b0   Code   RO         2180    .text.xTimerGenericCommand  timers.o
    0x08008548   0x08008548   0x0000001a   Code   RO         2589    x$fpl$fpinit        fz_wv.l(fpinit.o)
    0x08008562   0x08008562   0x00000002   PAD
    0x08008564   0x08008564   0x0000004c   Data   RO         1326    .rodata..L__const.HAL_FDCAN_Init.CvtEltSize  stm32h7xx_hal_fdcan.o
    0x080085b0   0x080085b0   0x00000002   Data   RO          156    .rodata.CANTXDATALONG  fdcan.o
    0x080085b2   0x080085b2   0x00000010   Data   RO         1807    .rodata.D1CorePrescTable  system_stm32h7xx.o
    0x080085c2   0x080085c2   0x00000010   Data   RO         1327    .rodata.DLCtoBytes  stm32h7xx_hal_fdcan.o
    0x080085d2   0x080085d2   0x00000002   PAD
    0x080085d4   0x080085d4   0x00000134   Data   RO          237    .rodata.cct_Cold_Surface  cct.o
    0x08008708   0x08008708   0x00000134   Data   RO          238    .rodata.cct_Warm_Surface  cct.o
    0x0800883c   0x0800883c   0x00000024   Data   RO          129    .rodata.defaultTask_attributes  freertos.o
    0x08008860   0x08008860   0x00000024   Data   RO          131    .rodata.driveUpdata_attributes  freertos.o
    0x08008884   0x08008884   0x00000024   Data   RO          130    .rodata.fdcanRxTx_attributes  freertos.o
    0x080088a8   0x080088a8   0x00000022   Data   RO          128    .rodata.str1.1      freertos.o
    0x080088ca   0x080088ca   0x00000005   Data   RO         2153    .rodata.str1.1      tasks.o
    0x080088cf   0x080088cf   0x0000000d   Data   RO         2223    .rodata.str1.1      timers.o
    0x080088dc   0x080088dc   0x00000020   Data   RO         2664    Region$$Table       anon$$obj.o


    Execution Region RW_IRAM1 (Exec base: 0x20000000, Load base: 0x080088fc, Size: 0x00000000, Max: 0x00020000, ABSOLUTE)

    **** No section assigned to this execution region ****


    Execution Region RW_IRAM2 (Exec base: 0x24000000, Load base: 0x08008900, Size: 0x00005178, Max: 0x00080000, ABSOLUTE)

    Exec Addr    Load Addr    Size         Type   Attr      Idx    E Section Name        Object

    0x24000000   0x08008900   0x00000004   Data   RW         1805    .data.SystemCoreClock  system_stm32h7xx.o
    0x24000004   0x08008904   0x00000004   Data   RW         1806    .data.SystemD2Clock  system_stm32h7xx.o
    0x24000008   0x08008908   0x00000002   Data   RW          117    .data.color_Temperature  freertos.o
    0x2400000a   0x0800890a   0x00000001   Data   RW          115    .data.drive_Switch  freertos.o
    0x2400000b   0x0800890b   0x00000001   Data   RW          118    .data.fan_Ratio     freertos.o
    0x2400000c   0x0800890c   0x00000001   Data   RW          908    .data.uwTickFreq    stm32h7xx_hal.o
    0x2400000d   0x0800890d   0x00000003   PAD
    0x24000010   0x08008910   0x00000004   Data   RW          907    .data.uwTickPrio    stm32h7xx_hal.o
    0x24000014   0x08008914   0x00000004   Data   RW         2477    .data.uxCriticalNesting  port.o
    0x24000018        -       0x00000060   Zero   RW         2529    .bss                c_w.l(libspace.o)
    0x24000078        -       0x00000008   Zero   RW          159    .bss.CanRxData      fdcan.o
    0x24000080        -       0x00000008   Zero   RW          158    .bss.CanTxData      fdcan.o
    0x24000088        -       0x00000004   Zero   RW         2405    .bss.KernelState    cmsis_os2.o
    0x2400008c        -       0x00000004   Zero   RW          116    .bss.brightness     freertos.o
    0x24000090        -       0x00000002   Zero   RW          160    .bss.can_RxID       fdcan.o
    0x24000092   0x08008918   0x00000002   PAD
    0x24000094        -       0x00000004   Zero   RW          132    .bss.defaultTaskHandle  freertos.o
    0x24000098        -       0x00000004   Zero   RW          134    .bss.driveUpdataHandle  freertos.o
    0x2400009c        -       0x00000001   Zero   RW          163    .bss.drive_Power    fdcan.o
    0x2400009d        -       0x00000001   Zero   RW          161    .bss.drive_State    fdcan.o
    0x2400009e        -       0x00000001   Zero   RW          162    .bss.drive_Temperature  fdcan.o
    0x2400009f        -       0x00000010   Zero   RW          119    .bss.drive_TxData   freertos.o
    0x240000af   0x08008918   0x00000001   PAD
    0x240000b0        -       0x00000004   Zero   RW          133    .bss.fdcanRxTxHandle  freertos.o
    0x240000b4        -       0x000000a0   Zero   RW          164    .bss.hfdcan1        fdcan.o
    0x24000154        -       0x00000088   Zero   RW          184    .bss.hspi1          spi.o
    0x240001dc        -       0x0000004c   Zero   RW          227    .bss.htim17         stm32h7xx_hal_timebase_tim.o
    0x24000228        -       0x000000a0   Zero   RW         2231    .bss.prvCheckForValidListAndQueue.ucStaticTimerQueueStorage  timers.o
    0x240002c8        -       0x00000050   Zero   RW         2230    .bss.prvCheckForValidListAndQueue.xStaticTimerQueue  timers.o
    0x24000318        -       0x00000004   Zero   RW         2227    .bss.prvSampleTimeNow.xLastTime  timers.o
    0x2400031c        -       0x00000004   Zero   RW         2139    .bss.pxCurrentTCB   tasks.o
    0x24000320        -       0x00000004   Zero   RW         2225    .bss.pxCurrentTimerList  timers.o
    0x24000324        -       0x00000004   Zero   RW         2147    .bss.pxDelayedTaskList  tasks.o
    0x24000328        -       0x00000004   Zero   RW         2434    .bss.pxEnd          heap_4.o
    0x2400032c        -       0x00000004   Zero   RW         2148    .bss.pxOverflowDelayedTaskList  tasks.o
    0x24000330        -       0x00000004   Zero   RW         2226    .bss.pxOverflowTimerList  timers.o
    0x24000334        -       0x00000460   Zero   RW         2150    .bss.pxReadyTasksLists  tasks.o
    0x24000794        -       0x00003c00   Zero   RW         2441    .bss.ucHeap         heap_4.o
    0x24004394        -       0x00000001   Zero   RW         2475    .bss.ucMaxSysCallPriority  port.o
    0x24004395   0x08008918   0x00000003   PAD
    0x24004398        -       0x00000004   Zero   RW         2476    .bss.ulMaxPRIGROUPValue  port.o
    0x2400439c        -       0x00000004   Zero   RW          909    .bss.uwTick         stm32h7xx_hal.o
    0x240043a0        -       0x00000004   Zero   RW         2143    .bss.uxCurrentNumberOfTasks  tasks.o
    0x240043a4        -       0x00000004   Zero   RW         2142    .bss.uxDeletedTasksWaitingCleanUp  tasks.o
    0x240043a8        -       0x00000004   Zero   RW         2145    .bss.uxSchedulerSuspended  tasks.o
    0x240043ac        -       0x00000004   Zero   RW         2140    .bss.uxTaskNumber   tasks.o
    0x240043b0        -       0x00000004   Zero   RW         2151    .bss.uxTopReadyPriority  tasks.o
    0x240043b4        -       0x00000200   Zero   RW         2408    .bss.vApplicationGetIdleTaskMemory.Idle_Stack  cmsis_os2.o
    0x240045b4        -       0x0000005c   Zero   RW         2407    .bss.vApplicationGetIdleTaskMemory.Idle_TCB  cmsis_os2.o
    0x24004610        -       0x00000400   Zero   RW         2410    .bss.vApplicationGetTimerTaskMemory.Timer_Stack  cmsis_os2.o
    0x24004a10        -       0x0000005c   Zero   RW         2409    .bss.vApplicationGetTimerTaskMemory.Timer_TCB  cmsis_os2.o
    0x24004a6c        -       0x00000014   Zero   RW         2228    .bss.xActiveTimerList1  timers.o
    0x24004a80        -       0x00000014   Zero   RW         2229    .bss.xActiveTimerList2  timers.o
    0x24004a94        -       0x00000004   Zero   RW         2435    .bss.xBlockAllocatedBit  heap_4.o
    0x24004a98        -       0x00000014   Zero   RW         2159    .bss.xDelayedTaskList1  tasks.o
    0x24004aac        -       0x00000014   Zero   RW         2160    .bss.xDelayedTaskList2  tasks.o
    0x24004ac0        -       0x00000004   Zero   RW         2436    .bss.xFreeBytesRemaining  heap_4.o
    0x24004ac4        -       0x00000004   Zero   RW         2154    .bss.xIdleTaskHandle  tasks.o
    0x24004ac8        -       0x00000004   Zero   RW         2438    .bss.xMinimumEverFreeBytesRemaining  heap_4.o
    0x24004acc        -       0x00000004   Zero   RW         2155    .bss.xNextTaskUnblockTime  tasks.o
    0x24004ad0        -       0x00000004   Zero   RW         2158    .bss.xNumOfOverflows  tasks.o
    0x24004ad4        -       0x00000004   Zero   RW         2439    .bss.xNumberOfSuccessfulAllocations  heap_4.o
    0x24004ad8        -       0x00000004   Zero   RW         2440    .bss.xNumberOfSuccessfulFrees  heap_4.o
    0x24004adc        -       0x00000004   Zero   RW         2157    .bss.xPendedTicks   tasks.o
    0x24004ae0        -       0x00000014   Zero   RW         2152    .bss.xPendingReadyList  tasks.o
    0x24004af4        -       0x00000040   Zero   RW         1950    .bss.xQueueRegistry  queue.o
    0x24004b34        -       0x00000004   Zero   RW         2144    .bss.xSchedulerRunning  tasks.o
    0x24004b38        -       0x00000008   Zero   RW         2437    .bss.xStart         heap_4.o
    0x24004b40        -       0x00000014   Zero   RW         2149    .bss.xSuspendedTaskList  tasks.o
    0x24004b54        -       0x00000014   Zero   RW         2141    .bss.xTasksWaitingTermination  tasks.o
    0x24004b68        -       0x00000004   Zero   RW         2146    .bss.xTickCount     tasks.o
    0x24004b6c        -       0x00000004   Zero   RW         2222    .bss.xTimerQueue    timers.o
    0x24004b70        -       0x00000004   Zero   RW         2224    .bss.xTimerTaskHandle  timers.o
    0x24004b74        -       0x00000004   Zero   RW         2156    .bss.xYieldPending  tasks.o
    0x24004b78        -       0x00000200   Zero   RW            2    HEAP                startup_stm32h743xx.o
    0x24004d78        -       0x00000400   Zero   RW            1    STACK               startup_stm32h743xx.o


==============================================================================

Image component sizes


      Code (inc. data)   RO Data    RW Data    ZI Data      Debug   Object Name

       224          0        616          0          0       1033   cct.o
       746          0          0          0       1724      36668   cmsis_os2.o
       570          0          2          0        181       8266   fdcan.o
      1118          4        142          4         32       4929   freertos.o
       202          0          0          0          0       2930   gpio.o
      1084          0          0          0      15392       4428   heap_4.o
       296          0          0          0          0       2228   list.o
       534          0          0          0          0       9648   main.o
      1128         16          0          4          5       3840   port.o
      2604          0          0          0         64      17242   queue.o
       238          0          0          0        136       6931   spi.o
        64         26        664          0       1536        852   startup_stm32h743xx.o
       174          0          0          5          4      13765   stm32h7xx_hal.o
       380          0          0          0          0      11331   stm32h7xx_hal_cortex.o
      3458          0         92          0          0      33303   stm32h7xx_hal_fdcan.o
      1010          0          0          0          0       7011   stm32h7xx_hal_gpio.o
        50          0          0          0          0       5346   stm32h7xx_hal_msp.o
       162          0          0          0          0      10328   stm32h7xx_hal_pwr_ex.o
      5010         66          0          0          0      11827   stm32h7xx_hal_rcc.o
      4882         64          0          0          0      18567   stm32h7xx_hal_rcc_ex.o
       642          0          0          0          0      20312   stm32h7xx_hal_spi.o
      1570          0          0          0          0      37310   stm32h7xx_hal_tim.o
        24          0          0          0          0      17416   stm32h7xx_hal_tim_ex.o
       200          0          0          0         76       9626   stm32h7xx_hal_timebase_tim.o
        38          0          0          0          0        877   stm32h7xx_it.o
       352          0         16          8          0       5824   system_stm32h7xx.o
      3918          0          5          0       1280      24053   tasks.o
      1692         10         13          0        300      11547   timers.o

    ----------------------------------------------------------------------
     32840        198       1584         24      20736     337438   Object Totals
         0          0         32          0          0          0   (incl. Generated)
       470         12          2          3          6          0   (incl. Padding)

    ----------------------------------------------------------------------

      Code (inc. data)   RO Data    RW Data    ZI Data      Debug   Library Member Name

         8          0          0          0          0         68   __main.o
         0          0          0          0          0          0   __rtentry.o
        12          0          0          0          0          0   __rtentry2.o
         6          0          0          0          0          0   __rtentry4.o
        52          8          0          0          0          0   __scatter.o
        26          0          0          0          0          0   __scatter_copy.o
        28          0          0          0          0          0   __scatter_zi.o
        16          0          0          0          0         68   aeabi_memset4.o
        18          0          0          0          0         80   exit.o
         6          0          0          0          0        152   heapauxi.o
         0          0          0          0          0          0   indicate_semi.o
         2          0          0          0          0          0   libinit.o
         6          0          0          0          0          0   libinit2.o
         2          0          0          0          0          0   libshutdown.o
         2          0          0          0          0          0   libshutdown2.o
         8          4          0          0         96         68   libspace.o
        78          0          0          0          0         80   rt_memclr_w.o
       138          0          0          0          0         68   rt_memcpy_v6.o
       100          0          0          0          0         80   rt_memcpy_w.o
         2          0          0          0          0          0   rtexit.o
        10          0          0          0          0          0   rtexit2.o
        12          4          0          0          0         68   sys_exit.o
        74          0          0          0          0         80   sys_stackheap_outer.o
         2          0          0          0          0         68   use_no_semi.o
        26          0          0          0          0        116   fpinit.o

    ----------------------------------------------------------------------
       644         16          0          0         96        996   Library Totals
        10          0          0          0          0          0   (incl. Padding)

    ----------------------------------------------------------------------

      Code (inc. data)   RO Data    RW Data    ZI Data      Debug   Library Name

       608         16          0          0         96        880   c_w.l
        26          0          0          0          0        116   fz_wv.l

    ----------------------------------------------------------------------
       644         16          0          0         96        996   Library Totals

    ----------------------------------------------------------------------

==============================================================================


      Code (inc. data)   RO Data    RW Data    ZI Data      Debug   

     33484        214       1584         24      20832     337550   Grand Totals
     33484        214       1584         24      20832     337550   ELF Image Totals
     33484        214       1584         24          0          0   ROM Totals

==============================================================================

    Total RO  Size (Code + RO Data)                35068 (  34.25kB)
    Total RW  Size (RW Data + ZI Data)             20856 (  20.37kB)
    Total ROM Size (Code + RO Data + RW Data)      35092 (  34.27kB)

==============================================================================

